INFO:root:epoch 0, Episode 0, total_loss: 164028.796875, q_loss 163643.03125, v_loss 385.773193359375 ,lr 0.01
INFO:root:val_loss 23395901440.0
INFO:root:epoch 0, Episode 1, total_loss: 225379600.0, q_loss 225366096.0, v_loss 13499.9794921875 ,lr 0.01
INFO:root:epoch 0, Episode 2, total_loss: 1918863.75, q_loss 1918130.75, v_loss 732.93798828125 ,lr 0.01
INFO:root:epoch 0, Episode 3, total_loss: 177711.296875, q_loss 177641.203125, v_loss 70.09344482421875 ,lr 0.01
INFO:root:epoch 0, Episode 4, total_loss: 167177.28125, q_loss 167122.296875, v_loss 54.97698974609375 ,lr 0.01
INFO:root:epoch 0, Episode 5, total_loss: 16816992.0, q_loss 16814506.0, v_loss 2485.37060546875 ,lr 0.01
INFO:root:epoch 0, Episode 6, total_loss: 838829.5625, q_loss 838329.125, v_loss 500.455078125 ,lr 0.01
INFO:root:epoch 0, Episode 7, total_loss: 103985.2578125, q_loss 103945.71875, v_loss 39.542144775390625 ,lr 0.01
INFO:root:epoch 0, Episode 8, total_loss: 114840.1953125, q_loss 114644.9765625, v_loss 195.22203063964844 ,lr 0.01
INFO:root:epoch 0, Episode 9, total_loss: 260896.203125, q_loss 260795.0, v_loss 101.20474243164062 ,lr 0.01
INFO:root:epoch 0, Episode 10, total_loss: 431915.59375, q_loss 431725.09375, v_loss 190.51364135742188 ,lr 0.01
INFO:root:epoch 0, Episode 11, total_loss: 143235.484375, q_loss 143194.828125, v_loss 40.655548095703125 ,lr 0.01
INFO:root:epoch 0, Episode 12, total_loss: 27110.14453125, q_loss 27033.974609375, v_loss 76.170654296875 ,lr 0.01
INFO:root:epoch 0, Episode 13, total_loss: 61245.53515625, q_loss 61103.94921875, v_loss 141.5840301513672 ,lr 0.01
INFO:root:epoch 0, Episode 14, total_loss: 10878.7294921875, q_loss 10803.904296875, v_loss 74.82476806640625 ,lr 0.01
INFO:root:epoch 0, Episode 15, total_loss: 3243.549072265625, q_loss 3218.520263671875, v_loss 25.028900146484375 ,lr 0.01
INFO:root:epoch 0, Episode 16, total_loss: 6553.119140625, q_loss 6538.87255859375, v_loss 14.246826171875 ,lr 0.01
INFO:root:epoch 0, Episode 17, total_loss: 77517.8359375, q_loss 77487.8203125, v_loss 30.01361083984375 ,lr 0.01
INFO:root:epoch 0, Episode 18, total_loss: 9257.5966796875, q_loss 9246.62109375, v_loss 10.975494384765625 ,lr 0.01
INFO:root:epoch 0, Episode 19, total_loss: 7185.51611328125, q_loss 7162.28662109375, v_loss 23.229263305664062 ,lr 0.01
INFO:root:epoch 0, Episode 20, total_loss: 35973.27734375, q_loss 35941.3671875, v_loss 31.910369873046875 ,lr 0.01
INFO:root:epoch 0, Episode 21, total_loss: 4932.34326171875, q_loss 4912.251953125, v_loss 20.091537475585938 ,lr 0.01
INFO:root:epoch 0, Episode 22, total_loss: 8785.5341796875, q_loss 8745.140625, v_loss 40.393287658691406 ,lr 0.01
INFO:root:epoch 0, Episode 23, total_loss: 8508.1318359375, q_loss 8492.7333984375, v_loss 15.398567199707031 ,lr 0.01
INFO:root:epoch 0, Episode 24, total_loss: 2260.78564453125, q_loss 2254.579345703125, v_loss 6.206291198730469 ,lr 0.01
INFO:root:epoch 0, Episode 25, total_loss: 1112.568603515625, q_loss 1106.687255859375, v_loss 5.8813323974609375 ,lr 0.01
INFO:root:epoch 0, Episode 26, total_loss: 3338.6337890625, q_loss 3330.6123046875, v_loss 8.021484375 ,lr 0.01
INFO:root:epoch 0, Episode 27, total_loss: 874.9530029296875, q_loss 870.2611694335938, v_loss 4.691825866699219 ,lr 0.01
INFO:root:epoch 0, Episode 28, total_loss: 1372.5008544921875, q_loss 1367.513916015625, v_loss 4.9869384765625 ,lr 0.01
INFO:root:epoch 0, Episode 29, total_loss: 4259.07275390625, q_loss 4241.310546875, v_loss 17.76226806640625 ,lr 0.01
INFO:root:epoch 0, Episode 30, total_loss: 1219.210693359375, q_loss 1216.3377685546875, v_loss 2.8728675842285156 ,lr 0.01
INFO:root:epoch 0, Episode 31, total_loss: 1074.712646484375, q_loss 1066.9998779296875, v_loss 7.7127838134765625 ,lr 0.01
INFO:root:epoch 0, Episode 32, total_loss: 324.12677001953125, q_loss 320.2995910644531, v_loss 3.8271827697753906 ,lr 0.01
INFO:root:epoch 0, Episode 33, total_loss: 561.7208862304688, q_loss 556.1397094726562, v_loss 5.581180572509766 ,lr 0.01
INFO:root:epoch 0, Episode 34, total_loss: 1741.1094970703125, q_loss 1735.541259765625, v_loss 5.568294525146484 ,lr 0.01
INFO:root:epoch 0, Episode 35, total_loss: 858.3749389648438, q_loss 850.9940185546875, v_loss 7.380924224853516 ,lr 0.01
INFO:root:epoch 0, Episode 36, total_loss: 629.7274169921875, q_loss 623.7152709960938, v_loss 6.012153625488281 ,lr 0.01
INFO:root:epoch 0, Episode 37, total_loss: 634.647216796875, q_loss 629.2518920898438, v_loss 5.395301818847656 ,lr 0.01
INFO:root:epoch 0, Episode 38, total_loss: 1068.27783203125, q_loss 1058.3756103515625, v_loss 9.902244567871094 ,lr 0.01
INFO:root:epoch 0, Episode 39, total_loss: 1838.2489013671875, q_loss 1834.122802734375, v_loss 4.1261444091796875 ,lr 0.01
INFO:root:epoch 0, Episode 40, total_loss: 3654.555419921875, q_loss 3645.584228515625, v_loss 8.971195220947266 ,lr 0.01
INFO:root:epoch 0, Episode 41, total_loss: 2356.528564453125, q_loss 2347.547119140625, v_loss 8.981353759765625 ,lr 0.01
INFO:root:epoch 0, Episode 42, total_loss: 891.3414306640625, q_loss 887.2634887695312, v_loss 4.077938079833984 ,lr 0.01
INFO:root:epoch 0, Episode 43, total_loss: 187.819580078125, q_loss 186.1226043701172, v_loss 1.6969757080078125 ,lr 0.01
INFO:root:epoch 0, Episode 44, total_loss: 777.450439453125, q_loss 774.9238891601562, v_loss 2.526519775390625 ,lr 0.01
INFO:root:epoch 0, Episode 45, total_loss: 172.4104766845703, q_loss 171.80430603027344, v_loss 0.606170654296875 ,lr 0.01
INFO:root:epoch 0, Episode 46, total_loss: 754.2464599609375, q_loss 752.994873046875, v_loss 1.2515983581542969 ,lr 0.01
INFO:root:epoch 0, Episode 47, total_loss: 1348.459716796875, q_loss 1341.3458251953125, v_loss 7.113918304443359 ,lr 0.01
INFO:root:epoch 0, Episode 48, total_loss: 1591.3895263671875, q_loss 1584.629638671875, v_loss 6.759906768798828 ,lr 0.01
INFO:root:epoch 0, Episode 49, total_loss: 876.1224975585938, q_loss 874.8364868164062, v_loss 1.2859878540039062 ,lr 0.01
INFO:root:epoch 0, Episode 50, total_loss: 270.3199768066406, q_loss 269.29327392578125, v_loss 1.0267105102539062 ,lr 0.01
INFO:root:epoch 0, Episode 51, total_loss: 394.22088623046875, q_loss 390.6390686035156, v_loss 3.581817626953125 ,lr 0.01
INFO:root:epoch 0, Episode 52, total_loss: 791.290771484375, q_loss 786.5418701171875, v_loss 4.748872756958008 ,lr 0.01
INFO:root:epoch 0, Episode 53, total_loss: 385.1905822753906, q_loss 382.4256896972656, v_loss 2.764904022216797 ,lr 0.01
INFO:root:epoch 0, Episode 54, total_loss: 1594.72021484375, q_loss 1583.53076171875, v_loss 11.189458847045898 ,lr 0.01
INFO:root:epoch 0, Episode 55, total_loss: 423.8126525878906, q_loss 417.077392578125, v_loss 6.735261917114258 ,lr 0.01
INFO:root:epoch 0, Episode 56, total_loss: 130.34414672851562, q_loss 129.0917510986328, v_loss 1.2523918151855469 ,lr 0.01
INFO:root:epoch 0, Episode 57, total_loss: 419.5862731933594, q_loss 417.0215759277344, v_loss 2.564706802368164 ,lr 0.01
INFO:root:epoch 0, Episode 58, total_loss: 328.83001708984375, q_loss 326.6625671386719, v_loss 2.1674575805664062 ,lr 0.01
INFO:root:epoch 0, Episode 59, total_loss: 379.64459228515625, q_loss 377.5813903808594, v_loss 2.0631961822509766 ,lr 0.01
