INFO:root:epoch 0, Episode 0, total_loss: 7015.9892578125, q_loss 3688.098388671875, v_loss 3327.890869140625 ,lr 0.01
INFO:root:epoch 0, Episode 1, total_loss: 4176629248.0, q_loss 3728513792.0, v_loss 448115360.0 ,lr 0.01
INFO:root:epoch 0, Episode 2, total_loss: 252406928.0, q_loss 228342672.0, v_loss 24064254.0 ,lr 0.01
INFO:root:epoch 0, Episode 3, total_loss: 15555256.0, q_loss 15054835.0, v_loss 500420.78125 ,lr 0.01
INFO:root:epoch 0, Episode 4, total_loss: 854776.1875, q_loss 737407.5625, v_loss 117368.625 ,lr 0.01
INFO:root:epoch 0, Episode 5, total_loss: 130138312.0, q_loss 107702232.0, v_loss 22436082.0 ,lr 0.01
INFO:root:epoch 0, Episode 6, total_loss: 4906336.0, q_loss 4208479.5, v_loss 697856.75 ,lr 0.01
INFO:root:epoch 0, Episode 7, total_loss: 29385.755859375, q_loss 23082.330078125, v_loss 6303.42626953125 ,lr 0.01
INFO:root:epoch 0, Episode 8, total_loss: 22029.544921875, q_loss 14171.5830078125, v_loss 7857.9619140625 ,lr 0.01
INFO:root:epoch 0, Episode 9, total_loss: 26145.38671875, q_loss 15143.75390625, v_loss 11001.6318359375 ,lr 0.01
INFO:root:epoch 0, Episode 10, total_loss: 11916.818359375, q_loss 8161.4716796875, v_loss 3755.34619140625 ,lr 0.01
INFO:root:epoch 0, Episode 11, total_loss: 166013.96875, q_loss 104923.4453125, v_loss 61090.515625 ,lr 0.01
INFO:root:epoch 0, Episode 12, total_loss: 53761.7578125, q_loss 30523.486328125, v_loss 23238.2734375 ,lr 0.01
INFO:root:epoch 0, Episode 13, total_loss: 69427.2421875, q_loss 42731.40625, v_loss 26695.833984375 ,lr 0.01
INFO:root:epoch 0, Episode 14, total_loss: 42258.2578125, q_loss 27600.693359375, v_loss 14657.56640625 ,lr 0.01
INFO:root:epoch 0, Episode 15, total_loss: 19906.685546875, q_loss 12532.4267578125, v_loss 7374.25927734375 ,lr 0.01
INFO:root:epoch 0, Episode 16, total_loss: 15896.703125, q_loss 9586.0556640625, v_loss 6310.64697265625 ,lr 0.01
INFO:root:epoch 0, Episode 17, total_loss: 9500.033203125, q_loss 5902.4931640625, v_loss 3597.5400390625 ,lr 0.01
INFO:root:epoch 0, Episode 18, total_loss: 5095.072265625, q_loss 3349.93212890625, v_loss 1745.1402587890625 ,lr 0.01
INFO:root:epoch 0, Episode 19, total_loss: 5480.634765625, q_loss 3832.796875, v_loss 1647.8377685546875 ,lr 0.01
INFO:root:epoch 0, Episode 20, total_loss: 5376.5712890625, q_loss 3512.915283203125, v_loss 1863.656005859375 ,lr 0.01
INFO:root:epoch 0, Episode 21, total_loss: 3975.80615234375, q_loss 2414.244140625, v_loss 1561.5618896484375 ,lr 0.01
INFO:root:epoch 0, Episode 22, total_loss: 3639.25341796875, q_loss 2701.497314453125, v_loss 937.7559814453125 ,lr 0.01
INFO:root:epoch 0, Episode 23, total_loss: 3694.54833984375, q_loss 3159.744140625, v_loss 534.8041381835938 ,lr 0.01
INFO:root:epoch 0, Episode 24, total_loss: 2701.26025390625, q_loss 2202.329345703125, v_loss 498.930908203125 ,lr 0.01
INFO:root:epoch 0, Episode 25, total_loss: 1694.292724609375, q_loss 942.7845458984375, v_loss 751.5081176757812 ,lr 0.01
INFO:root:epoch 0, Episode 26, total_loss: 1476.92822265625, q_loss 758.3215942382812, v_loss 718.606689453125 ,lr 0.01
INFO:root:epoch 0, Episode 27, total_loss: 1770.5927734375, q_loss 1286.2657470703125, v_loss 484.32708740234375 ,lr 0.01
INFO:root:epoch 0, Episode 28, total_loss: 1601.509033203125, q_loss 1140.134033203125, v_loss 461.3749694824219 ,lr 0.01
INFO:root:epoch 0, Episode 29, total_loss: 1396.7142333984375, q_loss 819.8215942382812, v_loss 576.8926391601562 ,lr 0.01
INFO:root:epoch 0, Episode 30, total_loss: 1520.7303466796875, q_loss 794.4134521484375, v_loss 726.31689453125 ,lr 0.01
INFO:root:epoch 0, Episode 31, total_loss: 1930.37548828125, q_loss 1061.5545654296875, v_loss 868.8208618164062 ,lr 0.01
INFO:root:epoch 0, Episode 32, total_loss: 1668.068359375, q_loss 906.994140625, v_loss 761.07421875 ,lr 0.01
INFO:root:epoch 0, Episode 33, total_loss: 1100.323974609375, q_loss 578.3177490234375, v_loss 522.0062255859375 ,lr 0.01
INFO:root:epoch 0, Episode 34, total_loss: 772.0848388671875, q_loss 439.068359375, v_loss 333.0165100097656 ,lr 0.01
INFO:root:epoch 0, Episode 35, total_loss: 726.1441650390625, q_loss 505.9408264160156, v_loss 220.20335388183594 ,lr 0.01
INFO:root:epoch 0, Episode 36, total_loss: 574.9065551757812, q_loss 421.948974609375, v_loss 152.9575653076172 ,lr 0.01
INFO:root:epoch 0, Episode 37, total_loss: 360.5682373046875, q_loss 243.6888427734375, v_loss 116.87939453125 ,lr 0.01
INFO:root:epoch 0, Episode 38, total_loss: 286.66082763671875, q_loss 183.12445068359375, v_loss 103.53638458251953 ,lr 0.01
INFO:root:epoch 0, Episode 39, total_loss: 339.11053466796875, q_loss 230.00869750976562, v_loss 109.10185241699219 ,lr 0.01
INFO:root:epoch 0, Episode 40, total_loss: 452.6463623046875, q_loss 336.79486083984375, v_loss 115.85151672363281 ,lr 0.01
INFO:root:epoch 0, Episode 41, total_loss: 507.6159973144531, q_loss 378.05889892578125, v_loss 129.55709838867188 ,lr 0.01
INFO:root:epoch 0, Episode 42, total_loss: 503.42041015625, q_loss 350.77642822265625, v_loss 152.64398193359375 ,lr 0.01
INFO:root:epoch 0, Episode 43, total_loss: 465.3138122558594, q_loss 300.30877685546875, v_loss 165.00503540039062 ,lr 0.01
INFO:root:epoch 0, Episode 44, total_loss: 392.4462890625, q_loss 237.13099670410156, v_loss 155.31529235839844 ,lr 0.01
INFO:root:epoch 0, Episode 45, total_loss: 316.8931884765625, q_loss 187.8107452392578, v_loss 129.08245849609375 ,lr 0.01
INFO:root:epoch 0, Episode 46, total_loss: 305.35540771484375, q_loss 200.74049377441406, v_loss 104.61491394042969 ,lr 0.01
INFO:root:epoch 0, Episode 47, total_loss: 318.14349365234375, q_loss 226.91848754882812, v_loss 91.2249984741211 ,lr 0.01
INFO:root:epoch 0, Episode 48, total_loss: 324.99627685546875, q_loss 244.9782257080078, v_loss 80.01803588867188 ,lr 0.01
INFO:root:epoch 0, Episode 49, total_loss: 318.8304138183594, q_loss 247.51771545410156, v_loss 71.31270599365234 ,lr 0.01
INFO:root:epoch 0, Episode 50, total_loss: 307.1194152832031, q_loss 239.35231018066406, v_loss 67.76709747314453 ,lr 0.01
INFO:root:epoch 0, Episode 51, total_loss: 299.5880126953125, q_loss 229.31973266601562, v_loss 70.26826477050781 ,lr 0.01
INFO:root:epoch 0, Episode 52, total_loss: 284.1617431640625, q_loss 214.45899963378906, v_loss 69.70275115966797 ,lr 0.01
INFO:root:epoch 0, Episode 53, total_loss: 253.75161743164062, q_loss 190.06082153320312, v_loss 63.690799713134766 ,lr 0.01
INFO:root:epoch 0, Episode 54, total_loss: 216.34629821777344, q_loss 162.74874877929688, v_loss 53.59754943847656 ,lr 0.01
INFO:root:epoch 0, Episode 55, total_loss: 192.9921417236328, q_loss 145.70701599121094, v_loss 47.28512954711914 ,lr 0.01
INFO:root:epoch 0, Episode 56, total_loss: 180.4306640625, q_loss 135.9758758544922, v_loss 44.45478057861328 ,lr 0.01
INFO:root:epoch 0, Episode 57, total_loss: 170.60800170898438, q_loss 127.06016540527344, v_loss 43.5478401184082 ,lr 0.01
INFO:root:epoch 0, Episode 58, total_loss: 165.20494079589844, q_loss 122.22667694091797, v_loss 42.97826385498047 ,lr 0.01
INFO:root:epoch 0, Episode 59, total_loss: 167.0990447998047, q_loss 126.16900634765625, v_loss 40.9300422668457 ,lr 0.01
INFO:root:epoch 0, Episode 60, total_loss: 157.65948486328125, q_loss 120.67137145996094, v_loss 36.988121032714844 ,lr 0.01
INFO:root:epoch 0, Episode 61, total_loss: 159.5316619873047, q_loss 126.05757141113281, v_loss 33.47408676147461 ,lr 0.01
INFO:root:epoch 0, Episode 62, total_loss: 151.48825073242188, q_loss 118.79568481445312, v_loss 32.692562103271484 ,lr 0.01
INFO:root:epoch 0, Episode 63, total_loss: 151.7179412841797, q_loss 119.25928497314453, v_loss 32.45865249633789 ,lr 0.01
INFO:root:epoch 0, Episode 64, total_loss: 152.10354614257812, q_loss 119.99238586425781, v_loss 32.11115264892578 ,lr 0.01
INFO:root:epoch 0, Episode 65, total_loss: 151.28826904296875, q_loss 120.748291015625, v_loss 30.53998565673828 ,lr 0.01
INFO:root:epoch 0, Episode 66, total_loss: 149.62548828125, q_loss 121.64692687988281, v_loss 27.978565216064453 ,lr 0.01
INFO:root:epoch 0, Episode 67, total_loss: 146.79409790039062, q_loss 121.81929016113281, v_loss 24.97481346130371 ,lr 0.01
INFO:root:epoch 0, Episode 68, total_loss: 142.99464416503906, q_loss 120.35636138916016, v_loss 22.638280868530273 ,lr 0.01
INFO:root:epoch 0, Episode 69, total_loss: 141.14247131347656, q_loss 119.17536163330078, v_loss 21.96710777282715 ,lr 0.01
INFO:root:epoch 0, Episode 70, total_loss: 141.34893798828125, q_loss 118.39036560058594, v_loss 22.958576202392578 ,lr 0.01
INFO:root:epoch 0, Episode 71, total_loss: 142.10459899902344, q_loss 117.4925537109375, v_loss 24.612051010131836 ,lr 0.01
INFO:root:epoch 0, Episode 72, total_loss: 141.23257446289062, q_loss 115.52642822265625, v_loss 25.706148147583008 ,lr 0.01
INFO:root:epoch 0, Episode 73, total_loss: 135.4454345703125, q_loss 111.18507385253906, v_loss 24.26036834716797 ,lr 0.01
INFO:root:epoch 0, Episode 74, total_loss: 128.83448791503906, q_loss 106.36279296875, v_loss 22.471696853637695 ,lr 0.01
INFO:root:epoch 0, Episode 75, total_loss: 131.9514617919922, q_loss 110.53433990478516, v_loss 21.417118072509766 ,lr 0.01
INFO:root:epoch 0, Episode 76, total_loss: 132.3192901611328, q_loss 111.5123062133789, v_loss 20.806989669799805 ,lr 0.01
INFO:root:epoch 0, Episode 77, total_loss: 124.22831726074219, q_loss 102.90225982666016, v_loss 21.326061248779297 ,lr 0.01
INFO:root:epoch 0, Episode 78, total_loss: 124.35354614257812, q_loss 101.12857055664062, v_loss 23.224971771240234 ,lr 0.01
INFO:root:epoch 0, Episode 79, total_loss: 125.77117919921875, q_loss 101.81022644042969, v_loss 23.960948944091797 ,lr 0.01
INFO:root:epoch 0, Episode 80, total_loss: 121.9517593383789, q_loss 98.22744750976562, v_loss 23.724313735961914 ,lr 0.01
INFO:root:epoch 0, Episode 81, total_loss: 122.2624740600586, q_loss 98.2698745727539, v_loss 23.992599487304688 ,lr 0.01
INFO:root:epoch 0, Episode 82, total_loss: 123.88833618164062, q_loss 99.34648132324219, v_loss 24.541854858398438 ,lr 0.01
INFO:root:epoch 0, Episode 83, total_loss: 119.56075286865234, q_loss 95.23506927490234, v_loss 24.325681686401367 ,lr 0.01
INFO:root:epoch 0, Episode 84, total_loss: 119.1551742553711, q_loss 94.5727767944336, v_loss 24.5823974609375 ,lr 0.01
INFO:root:epoch 0, Episode 85, total_loss: 120.19107055664062, q_loss 95.34327697753906, v_loss 24.847793579101562 ,lr 0.01
INFO:root:epoch 0, Episode 86, total_loss: 116.95178985595703, q_loss 92.73198699951172, v_loss 24.219804763793945 ,lr 0.01
INFO:root:epoch 0, Episode 87, total_loss: 116.1781005859375, q_loss 93.58187866210938, v_loss 22.596221923828125 ,lr 0.01
INFO:root:epoch 0, Episode 88, total_loss: 117.76760864257812, q_loss 95.55567932128906, v_loss 22.21192741394043 ,lr 0.01
INFO:root:epoch 0, Episode 89, total_loss: 114.99893188476562, q_loss 92.50933074951172, v_loss 22.48959732055664 ,lr 0.01
INFO:root:epoch 0, Episode 90, total_loss: 114.56742095947266, q_loss 91.13184356689453, v_loss 23.435579299926758 ,lr 0.01
INFO:root:epoch 0, Episode 91, total_loss: 114.67218017578125, q_loss 90.87971496582031, v_loss 23.792463302612305 ,lr 0.01
INFO:root:epoch 0, Episode 92, total_loss: 112.97024536132812, q_loss 89.47920989990234, v_loss 23.49103355407715 ,lr 0.01
INFO:root:epoch 0, Episode 93, total_loss: 112.9580078125, q_loss 90.0913314819336, v_loss 22.866680145263672 ,lr 0.01
INFO:root:epoch 0, Episode 94, total_loss: 113.08418273925781, q_loss 90.62683868408203, v_loss 22.45734405517578 ,lr 0.01
INFO:root:epoch 0, Episode 95, total_loss: 112.36279296875, q_loss 89.78955841064453, v_loss 22.573238372802734 ,lr 0.01
INFO:root:epoch 0, Episode 96, total_loss: 111.95077514648438, q_loss 89.31309509277344, v_loss 22.637678146362305 ,lr 0.01
INFO:root:epoch 0, Episode 97, total_loss: 111.9426498413086, q_loss 89.13333892822266, v_loss 22.809309005737305 ,lr 0.01
INFO:root:epoch 0, Episode 98, total_loss: 111.38986206054688, q_loss 88.71321105957031, v_loss 22.676651000976562 ,lr 0.01
INFO:root:epoch 0, Episode 99, total_loss: 110.06141662597656, q_loss 88.1871109008789, v_loss 21.87430763244629 ,lr 0.01
INFO:root:epoch 0, Episode 100, total_loss: 110.01834106445312, q_loss 88.34146881103516, v_loss 21.676868438720703 ,lr 0.01
INFO:root:epoch 0, Episode 101, total_loss: 113.02904510498047, q_loss 90.33393096923828, v_loss 22.69511604309082 ,lr 0.01
INFO:root:epoch 0, Episode 102, total_loss: 109.26936340332031, q_loss 85.97647094726562, v_loss 23.292892456054688 ,lr 0.01
INFO:root:epoch 0, Episode 103, total_loss: 111.16038513183594, q_loss 87.17327117919922, v_loss 23.98711585998535 ,lr 0.01
INFO:root:epoch 0, Episode 104, total_loss: 113.16302490234375, q_loss 90.12403106689453, v_loss 23.038991928100586 ,lr 0.01
INFO:root:epoch 0, Episode 105, total_loss: 109.27296447753906, q_loss 87.369140625, v_loss 21.90382194519043 ,lr 0.01
INFO:root:epoch 0, Episode 106, total_loss: 108.7650146484375, q_loss 87.68069458007812, v_loss 21.084321975708008 ,lr 0.01
INFO:root:epoch 0, Episode 107, total_loss: 113.37614440917969, q_loss 92.0134506225586, v_loss 21.362695693969727 ,lr 0.01
INFO:root:epoch 0, Episode 108, total_loss: 107.16120147705078, q_loss 85.57984924316406, v_loss 21.58135414123535 ,lr 0.01
INFO:root:epoch 0, Episode 109, total_loss: 107.48470306396484, q_loss 83.97319030761719, v_loss 23.511510848999023 ,lr 0.01
INFO:root:epoch 0, Episode 110, total_loss: 109.29972839355469, q_loss 84.64453887939453, v_loss 24.655187606811523 ,lr 0.01
INFO:root:epoch 0, Episode 111, total_loss: 106.90594482421875, q_loss 82.46128845214844, v_loss 24.444652557373047 ,lr 0.01
INFO:root:epoch 0, Episode 112, total_loss: 106.98490142822266, q_loss 83.45723724365234, v_loss 23.527666091918945 ,lr 0.01
INFO:root:epoch 0, Episode 113, total_loss: 106.62796783447266, q_loss 84.42938232421875, v_loss 22.19858741760254 ,lr 0.01
INFO:root:epoch 0, Episode 114, total_loss: 105.93012237548828, q_loss 83.57842254638672, v_loss 22.35169792175293 ,lr 0.01
INFO:root:epoch 0, Episode 115, total_loss: 105.82833862304688, q_loss 82.0975341796875, v_loss 23.730802536010742 ,lr 0.01
INFO:root:epoch 0, Episode 116, total_loss: 105.40090942382812, q_loss 81.52037811279297, v_loss 23.88052749633789 ,lr 0.01
INFO:root:epoch 0, Episode 117, total_loss: 104.18670654296875, q_loss 80.71446228027344, v_loss 23.47224235534668 ,lr 0.01
INFO:root:epoch 0, Episode 118, total_loss: 104.92603302001953, q_loss 81.66150665283203, v_loss 23.264528274536133 ,lr 0.01
INFO:root:epoch 0, Episode 119, total_loss: 106.84629821777344, q_loss 83.2591552734375, v_loss 23.58714485168457 ,lr 0.01
INFO:root:epoch 0, Episode 120, total_loss: 103.57584381103516, q_loss 79.76624298095703, v_loss 23.809600830078125 ,lr 0.01
INFO:root:epoch 0, Episode 121, total_loss: 104.06488800048828, q_loss 80.12287902832031, v_loss 23.942007064819336 ,lr 0.01
INFO:root:epoch 0, Episode 122, total_loss: 103.73828887939453, q_loss 80.18311309814453, v_loss 23.555177688598633 ,lr 0.01
INFO:root:epoch 0, Episode 123, total_loss: 103.29737854003906, q_loss 80.27686309814453, v_loss 23.0205135345459 ,lr 0.01
INFO:root:epoch 0, Episode 124, total_loss: 103.79084777832031, q_loss 80.45354461669922, v_loss 23.33730125427246 ,lr 0.01
INFO:root:epoch 0, Episode 125, total_loss: 102.19699096679688, q_loss 78.48535919189453, v_loss 23.71163558959961 ,lr 0.01
INFO:root:epoch 0, Episode 126, total_loss: 102.69296264648438, q_loss 78.8133316040039, v_loss 23.87963104248047 ,lr 0.01
INFO:root:epoch 0, Episode 127, total_loss: 102.300537109375, q_loss 77.8680419921875, v_loss 24.432491302490234 ,lr 0.01
INFO:root:epoch 0, Episode 128, total_loss: 101.92024993896484, q_loss 77.30162048339844, v_loss 24.618627548217773 ,lr 0.01
INFO:root:epoch 0, Episode 129, total_loss: 103.28424835205078, q_loss 79.0202865600586, v_loss 24.26396369934082 ,lr 0.01
INFO:root:epoch 0, Episode 130, total_loss: 101.89424133300781, q_loss 78.26957702636719, v_loss 23.62466049194336 ,lr 0.01
INFO:root:epoch 0, Episode 131, total_loss: 100.93733215332031, q_loss 77.1180648803711, v_loss 23.819263458251953 ,lr 0.01
INFO:root:epoch 0, Episode 132, total_loss: 101.05674743652344, q_loss 77.18307495117188, v_loss 23.873674392700195 ,lr 0.01
INFO:root:epoch 0, Episode 133, total_loss: 100.29632568359375, q_loss 76.71617126464844, v_loss 23.580154418945312 ,lr 0.01
INFO:root:epoch 0, Episode 134, total_loss: 101.021728515625, q_loss 77.79267883300781, v_loss 23.229045867919922 ,lr 0.01
INFO:root:epoch 0, Episode 135, total_loss: 101.02941131591797, q_loss 77.36055755615234, v_loss 23.668853759765625 ,lr 0.01
INFO:root:epoch 0, Episode 136, total_loss: 99.74490356445312, q_loss 75.60311126708984, v_loss 24.14179229736328 ,lr 0.01
INFO:root:epoch 0, Episode 137, total_loss: 101.56832885742188, q_loss 76.17528533935547, v_loss 25.393041610717773 ,lr 0.01
INFO:root:epoch 0, Episode 138, total_loss: 101.23736572265625, q_loss 76.14696502685547, v_loss 25.090404510498047 ,lr 0.01
INFO:root:epoch 0, Episode 139, total_loss: 99.15127563476562, q_loss 75.28946685791016, v_loss 23.861804962158203 ,lr 0.01
INFO:root:epoch 0, Episode 140, total_loss: 101.06250762939453, q_loss 77.72794342041016, v_loss 23.334566116333008 ,lr 0.01
INFO:root:epoch 0, Episode 141, total_loss: 101.73728942871094, q_loss 78.88448333740234, v_loss 22.85280418395996 ,lr 0.01
INFO:root:epoch 0, Episode 142, total_loss: 98.55450439453125, q_loss 75.06854248046875, v_loss 23.4859619140625 ,lr 0.01
INFO:root:epoch 0, Episode 143, total_loss: 100.30549621582031, q_loss 75.6427230834961, v_loss 24.662776947021484 ,lr 0.01
INFO:root:epoch 0, Episode 144, total_loss: 98.3598403930664, q_loss 73.8459243774414, v_loss 24.513917922973633 ,lr 0.01
INFO:root:epoch 0, Episode 145, total_loss: 99.46211242675781, q_loss 75.59313201904297, v_loss 23.86898422241211 ,lr 0.01
INFO:root:epoch 0, Episode 146, total_loss: 98.9345932006836, q_loss 74.91419219970703, v_loss 24.020401000976562 ,lr 0.01
INFO:root:epoch 0, Episode 147, total_loss: 97.13372039794922, q_loss 73.03103637695312, v_loss 24.10268211364746 ,lr 0.01
INFO:root:epoch 0, Episode 148, total_loss: 97.38256072998047, q_loss 73.40786743164062, v_loss 23.974693298339844 ,lr 0.01
INFO:root:epoch 0, Episode 149, total_loss: 96.90467834472656, q_loss 73.2756576538086, v_loss 23.6290225982666 ,lr 0.01
INFO:root:epoch 0, Episode 150, total_loss: 97.59173583984375, q_loss 74.26822662353516, v_loss 23.323511123657227 ,lr 0.01
INFO:root:epoch 0, Episode 151, total_loss: 96.74646759033203, q_loss 72.9140625, v_loss 23.8324031829834 ,lr 0.01
INFO:root:epoch 0, Episode 152, total_loss: 96.51020812988281, q_loss 71.91403198242188, v_loss 24.59617805480957 ,lr 0.01
INFO:root:epoch 0, Episode 153, total_loss: 96.92074584960938, q_loss 72.12289428710938, v_loss 24.7978515625 ,lr 0.01
INFO:root:epoch 0, Episode 154, total_loss: 96.592529296875, q_loss 71.4701156616211, v_loss 25.122417449951172 ,lr 0.01
INFO:root:epoch 0, Episode 155, total_loss: 96.71373748779297, q_loss 72.0850830078125, v_loss 24.62865447998047 ,lr 0.01
INFO:root:epoch 0, Episode 156, total_loss: 95.47425842285156, q_loss 71.43463897705078, v_loss 24.03961944580078 ,lr 0.01
INFO:root:epoch 0, Episode 157, total_loss: 95.50653839111328, q_loss 71.3787612915039, v_loss 24.127779006958008 ,lr 0.01
INFO:root:epoch 0, Episode 158, total_loss: 95.05857849121094, q_loss 71.05950164794922, v_loss 23.999073028564453 ,lr 0.01
INFO:root:epoch 0, Episode 159, total_loss: 94.67964172363281, q_loss 70.92923736572266, v_loss 23.750402450561523 ,lr 0.01
