INFO:root:epoch 0, Episode 0, total_loss: 67947.1796875, q_loss 67789.3515625, v_loss 157.830322265625 ,lr 0.01
INFO:root:val_loss 11904486400.0
INFO:root:epoch 0, Episode 1, total_loss: 1737647616.0, q_loss 1737611776.0, v_loss 35791.359375 ,lr 0.01
INFO:root:epoch 0, Episode 2, total_loss: 8126422.0, q_loss 8124367.0, v_loss 2054.9150390625 ,lr 0.01
INFO:root:epoch 0, Episode 3, total_loss: 631468.125, q_loss 631049.5, v_loss 418.63250732421875 ,lr 0.01
INFO:root:epoch 0, Episode 4, total_loss: 73884960.0, q_loss 73877384.0, v_loss 7577.45166015625 ,lr 0.01
INFO:root:epoch 0, Episode 5, total_loss: 10242330.0, q_loss 10239365.0, v_loss 2964.77392578125 ,lr 0.01
INFO:root:epoch 0, Episode 6, total_loss: 7334777.5, q_loss 7333276.5, v_loss 1500.82421875 ,lr 0.01
INFO:root:epoch 0, Episode 7, total_loss: 5969034.0, q_loss 5967458.0, v_loss 1575.802978515625 ,lr 0.01
INFO:root:epoch 0, Episode 8, total_loss: 2041449.5, q_loss 2040430.125, v_loss 1019.3259887695312 ,lr 0.01
INFO:root:epoch 0, Episode 9, total_loss: 595342.5625, q_loss 594870.875, v_loss 471.693115234375 ,lr 0.01
INFO:root:epoch 0, Episode 10, total_loss: 770700.0625, q_loss 770207.75, v_loss 492.3329772949219 ,lr 0.01
INFO:root:epoch 0, Episode 11, total_loss: 1181567.875, q_loss 1180842.25, v_loss 725.614013671875 ,lr 0.01
INFO:root:epoch 0, Episode 12, total_loss: 407094.96875, q_loss 406719.5, v_loss 375.4650573730469 ,lr 0.01
INFO:root:epoch 0, Episode 13, total_loss: 23489.685546875, q_loss 23430.533203125, v_loss 59.151885986328125 ,lr 0.01
INFO:root:epoch 0, Episode 14, total_loss: 59745.1015625, q_loss 59682.953125, v_loss 62.147186279296875 ,lr 0.01
INFO:root:epoch 0, Episode 15, total_loss: 328169.71875, q_loss 327835.6875, v_loss 334.0384521484375 ,lr 0.01
INFO:root:epoch 0, Episode 16, total_loss: 65174.05078125, q_loss 65079.02734375, v_loss 95.02383422851562 ,lr 0.01
INFO:root:epoch 0, Episode 17, total_loss: 70593.6015625, q_loss 70447.4765625, v_loss 146.12640380859375 ,lr 0.01
INFO:root:epoch 0, Episode 18, total_loss: 30700.92578125, q_loss 30598.439453125, v_loss 102.48545837402344 ,lr 0.01
INFO:root:epoch 0, Episode 19, total_loss: 35972.921875, q_loss 35844.265625, v_loss 128.65719604492188 ,lr 0.01
INFO:root:epoch 0, Episode 20, total_loss: 9556.5859375, q_loss 9510.552734375, v_loss 46.033477783203125 ,lr 0.01
INFO:root:epoch 0, Episode 21, total_loss: 39191.38671875, q_loss 39066.7890625, v_loss 124.59937286376953 ,lr 0.01
INFO:root:epoch 0, Episode 22, total_loss: 7206.69677734375, q_loss 7174.5341796875, v_loss 32.16242218017578 ,lr 0.01
INFO:root:epoch 0, Episode 23, total_loss: 7322.9501953125, q_loss 7248.38818359375, v_loss 74.5619125366211 ,lr 0.01
INFO:root:epoch 0, Episode 24, total_loss: 11097.0966796875, q_loss 11023.810546875, v_loss 73.28573608398438 ,lr 0.01
INFO:root:epoch 0, Episode 25, total_loss: 9087.1875, q_loss 8988.1748046875, v_loss 99.0125503540039 ,lr 0.01
INFO:root:epoch 0, Episode 26, total_loss: 6377.85888671875, q_loss 6305.125, v_loss 72.7340087890625 ,lr 0.01
INFO:root:epoch 0, Episode 27, total_loss: 2748.0634765625, q_loss 2703.621826171875, v_loss 44.441566467285156 ,lr 0.01
INFO:root:epoch 0, Episode 28, total_loss: 1203.2332763671875, q_loss 1182.17041015625, v_loss 21.062816619873047 ,lr 0.01
INFO:root:epoch 0, Episode 29, total_loss: 846.0115356445312, q_loss 835.2159423828125, v_loss 10.795612335205078 ,lr 0.01
INFO:root:epoch 0, Episode 30, total_loss: 550.45166015625, q_loss 543.8726196289062, v_loss 6.579048156738281 ,lr 0.01
INFO:root:epoch 0, Episode 31, total_loss: 484.6595764160156, q_loss 480.48211669921875, v_loss 4.177457809448242 ,lr 0.01
INFO:root:epoch 0, Episode 32, total_loss: 986.6965942382812, q_loss 981.5288696289062, v_loss 5.167695999145508 ,lr 0.01
INFO:root:epoch 0, Episode 33, total_loss: 368.1275939941406, q_loss 363.3103942871094, v_loss 4.817191123962402 ,lr 0.01
INFO:root:epoch 0, Episode 34, total_loss: 306.1964416503906, q_loss 302.9393310546875, v_loss 3.257120132446289 ,lr 0.01
INFO:root:epoch 0, Episode 35, total_loss: 488.47314453125, q_loss 484.2738037109375, v_loss 4.199338912963867 ,lr 0.01
INFO:root:epoch 0, Episode 36, total_loss: 543.466796875, q_loss 539.6111450195312, v_loss 3.855624198913574 ,lr 0.01
INFO:root:epoch 0, Episode 37, total_loss: 979.8054809570312, q_loss 973.6713256835938, v_loss 6.134164810180664 ,lr 0.01
INFO:root:epoch 0, Episode 38, total_loss: 1132.0333251953125, q_loss 1125.333984375, v_loss 6.699287414550781 ,lr 0.01
INFO:root:epoch 0, Episode 39, total_loss: 1371.650146484375, q_loss 1363.6822509765625, v_loss 7.96793794631958 ,lr 0.01
INFO:root:epoch 0, Episode 40, total_loss: 450.5469055175781, q_loss 446.6968994140625, v_loss 3.85001277923584 ,lr 0.01
INFO:root:epoch 0, Episode 41, total_loss: 188.82086181640625, q_loss 185.6021270751953, v_loss 3.218738079071045 ,lr 0.01
INFO:root:epoch 0, Episode 42, total_loss: 425.05242919921875, q_loss 422.58392333984375, v_loss 2.4685182571411133 ,lr 0.01
INFO:root:epoch 0, Episode 43, total_loss: 320.1277770996094, q_loss 317.6481628417969, v_loss 2.479613780975342 ,lr 0.01
INFO:root:epoch 0, Episode 44, total_loss: 562.7364501953125, q_loss 559.8348999023438, v_loss 2.901521682739258 ,lr 0.01
INFO:root:epoch 0, Episode 45, total_loss: 667.3012084960938, q_loss 664.371337890625, v_loss 2.9298529624938965 ,lr 0.01
INFO:root:epoch 0, Episode 46, total_loss: 607.2518310546875, q_loss 603.6600341796875, v_loss 3.59177827835083 ,lr 0.01
INFO:root:epoch 0, Episode 47, total_loss: 675.0278930664062, q_loss 672.6607055664062, v_loss 2.367208480834961 ,lr 0.01
INFO:root:epoch 0, Episode 48, total_loss: 214.03013610839844, q_loss 209.97286987304688, v_loss 4.057262420654297 ,lr 0.01
INFO:root:epoch 0, Episode 49, total_loss: 434.74053955078125, q_loss 430.50067138671875, v_loss 4.239861488342285 ,lr 0.01
INFO:root:epoch 0, Episode 50, total_loss: 435.91864013671875, q_loss 431.89617919921875, v_loss 4.022449493408203 ,lr 0.01
INFO:root:epoch 0, Episode 51, total_loss: 234.60748291015625, q_loss 232.68780517578125, v_loss 1.9196743965148926 ,lr 0.01
INFO:root:epoch 0, Episode 52, total_loss: 701.6728515625, q_loss 699.6390991210938, v_loss 2.033724069595337 ,lr 0.01
INFO:root:epoch 0, Episode 53, total_loss: 394.5987854003906, q_loss 392.67864990234375, v_loss 1.920130729675293 ,lr 0.01
INFO:root:epoch 0, Episode 54, total_loss: 318.0314025878906, q_loss 315.0635681152344, v_loss 2.967841148376465 ,lr 0.01
INFO:root:epoch 0, Episode 55, total_loss: 387.62579345703125, q_loss 385.2507629394531, v_loss 2.375030517578125 ,lr 0.01
INFO:root:epoch 0, Episode 56, total_loss: 349.916259765625, q_loss 347.2300109863281, v_loss 2.6862568855285645 ,lr 0.01
INFO:root:epoch 0, Episode 57, total_loss: 245.73646545410156, q_loss 243.21810913085938, v_loss 2.5183582305908203 ,lr 0.01
