INFO:root:epoch 0, Episode 0, total_loss: 10811.1376953125, q_loss 10744.470703125, v_loss 66.66717529296875 ,lr 0.01
INFO:root:val_loss 4992596992.0
INFO:root:epoch 0, Episode 1, total_loss: 260779264.0, q_loss 260766864.0, v_loss 12400.4775390625 ,lr 0.01
INFO:root:epoch 0, Episode 2, total_loss: 49028164.0, q_loss 49023920.0, v_loss 4245.701171875 ,lr 0.01
INFO:root:epoch 0, Episode 3, total_loss: 423723328.0, q_loss 423703008.0, v_loss 20328.046875 ,lr 0.01
INFO:root:epoch 0, Episode 4, total_loss: 21571852.0, q_loss 21567628.0, v_loss 4223.35107421875 ,lr 0.01
INFO:root:epoch 0, Episode 5, total_loss: 94898832.0, q_loss 94890216.0, v_loss 8617.931640625 ,lr 0.01
INFO:root:epoch 0, Episode 6, total_loss: 60750472.0, q_loss 60745424.0, v_loss 5046.14990234375 ,lr 0.01
INFO:root:epoch 0, Episode 7, total_loss: 14308665.0, q_loss 14306974.0, v_loss 1691.32373046875 ,lr 0.01
INFO:root:epoch 0, Episode 8, total_loss: 2080.56591796875, q_loss 2063.688232421875, v_loss 16.877620697021484 ,lr 0.01
INFO:root:epoch 0, Episode 9, total_loss: 3637.726318359375, q_loss 3618.410400390625, v_loss 19.31595802307129 ,lr 0.01
INFO:root:epoch 0, Episode 10, total_loss: 3655.6875, q_loss 3645.096435546875, v_loss 10.591117858886719 ,lr 0.01
INFO:root:epoch 0, Episode 11, total_loss: 4779.8408203125, q_loss 4774.2099609375, v_loss 5.630805969238281 ,lr 0.01
INFO:root:epoch 0, Episode 12, total_loss: 2793.05078125, q_loss 2788.509765625, v_loss 4.540981292724609 ,lr 0.01
INFO:root:epoch 0, Episode 13, total_loss: 4847.8935546875, q_loss 4833.83056640625, v_loss 14.063005447387695 ,lr 0.01
INFO:root:epoch 0, Episode 14, total_loss: 2224.145263671875, q_loss 2204.94580078125, v_loss 19.19940185546875 ,lr 0.01
INFO:root:epoch 0, Episode 15, total_loss: 2373.810302734375, q_loss 2368.44287109375, v_loss 5.367351531982422 ,lr 0.01
INFO:root:epoch 0, Episode 16, total_loss: 5167.4541015625, q_loss 5152.95068359375, v_loss 14.503497123718262 ,lr 0.01
INFO:root:epoch 0, Episode 17, total_loss: 21348.326171875, q_loss 21317.931640625, v_loss 30.39547348022461 ,lr 0.01
INFO:root:epoch 0, Episode 18, total_loss: 5129.39111328125, q_loss 5122.07568359375, v_loss 7.315587043762207 ,lr 0.01
INFO:root:epoch 0, Episode 19, total_loss: 9039.326171875, q_loss 9011.7470703125, v_loss 27.57861328125 ,lr 0.01
INFO:root:epoch 0, Episode 20, total_loss: 5633.4453125, q_loss 5608.00341796875, v_loss 25.441741943359375 ,lr 0.01
INFO:root:epoch 0, Episode 21, total_loss: 2587.38134765625, q_loss 2572.6826171875, v_loss 14.698810577392578 ,lr 0.01
INFO:root:epoch 0, Episode 22, total_loss: 3251.10498046875, q_loss 3236.024658203125, v_loss 15.080345153808594 ,lr 0.01
INFO:root:epoch 0, Episode 23, total_loss: 4179.83349609375, q_loss 4159.99072265625, v_loss 19.84263038635254 ,lr 0.01
INFO:root:epoch 0, Episode 24, total_loss: 2432.29345703125, q_loss 2413.56103515625, v_loss 18.732341766357422 ,lr 0.01
INFO:root:epoch 0, Episode 25, total_loss: 1101.039794921875, q_loss 1089.9656982421875, v_loss 11.074049949645996 ,lr 0.01
INFO:root:epoch 0, Episode 26, total_loss: 921.6016845703125, q_loss 912.4892578125, v_loss 9.112424850463867 ,lr 0.01
INFO:root:epoch 0, Episode 27, total_loss: 604.3638916015625, q_loss 596.837158203125, v_loss 7.526741027832031 ,lr 0.01
INFO:root:epoch 0, Episode 28, total_loss: 414.1626281738281, q_loss 408.5315246582031, v_loss 5.631113529205322 ,lr 0.01
INFO:root:epoch 0, Episode 29, total_loss: 686.4674682617188, q_loss 680.9229736328125, v_loss 5.544466495513916 ,lr 0.01
INFO:root:epoch 0, Episode 30, total_loss: 996.1381225585938, q_loss 990.4849853515625, v_loss 5.653145790100098 ,lr 0.01
INFO:root:epoch 0, Episode 31, total_loss: 1023.6981811523438, q_loss 1013.8984375, v_loss 9.799726486206055 ,lr 0.01
INFO:root:epoch 0, Episode 32, total_loss: 398.3692321777344, q_loss 393.4527282714844, v_loss 4.916515827178955 ,lr 0.01
INFO:root:epoch 0, Episode 33, total_loss: 293.96820068359375, q_loss 290.199951171875, v_loss 3.768247127532959 ,lr 0.01
INFO:root:epoch 0, Episode 34, total_loss: 715.1864013671875, q_loss 711.07080078125, v_loss 4.115593910217285 ,lr 0.01
INFO:root:epoch 0, Episode 35, total_loss: 357.6709899902344, q_loss 353.3795471191406, v_loss 4.291457653045654 ,lr 0.01
INFO:root:epoch 0, Episode 36, total_loss: 366.04461669921875, q_loss 361.6409606933594, v_loss 4.403657913208008 ,lr 0.01
INFO:root:epoch 0, Episode 37, total_loss: 443.53436279296875, q_loss 441.4252624511719, v_loss 2.109105348587036 ,lr 0.01
INFO:root:epoch 0, Episode 38, total_loss: 360.5699462890625, q_loss 358.72564697265625, v_loss 1.8443055152893066 ,lr 0.01
INFO:root:epoch 0, Episode 39, total_loss: 927.3064575195312, q_loss 924.2227783203125, v_loss 3.0836501121520996 ,lr 0.01
INFO:root:epoch 0, Episode 40, total_loss: 675.2993774414062, q_loss 673.3378295898438, v_loss 1.9615281820297241 ,lr 0.01
INFO:root:epoch 0, Episode 41, total_loss: 1137.0130615234375, q_loss 1131.4930419921875, v_loss 5.520009517669678 ,lr 0.01
INFO:root:epoch 0, Episode 42, total_loss: 457.6009826660156, q_loss 453.6771545410156, v_loss 3.9238367080688477 ,lr 0.01
INFO:root:epoch 0, Episode 43, total_loss: 228.35662841796875, q_loss 226.31105041503906, v_loss 2.0455827713012695 ,lr 0.01
INFO:root:epoch 0, Episode 44, total_loss: 504.21148681640625, q_loss 499.2384033203125, v_loss 4.973098278045654 ,lr 0.01
INFO:root:epoch 0, Episode 45, total_loss: 303.3087158203125, q_loss 300.4155578613281, v_loss 2.8931593894958496 ,lr 0.01
INFO:root:epoch 0, Episode 46, total_loss: 582.9088745117188, q_loss 579.4730224609375, v_loss 3.4358811378479004 ,lr 0.01
INFO:root:epoch 0, Episode 47, total_loss: 747.0938720703125, q_loss 742.9832153320312, v_loss 4.1106414794921875 ,lr 0.01
INFO:root:epoch 0, Episode 48, total_loss: 946.6202392578125, q_loss 942.8731689453125, v_loss 3.747046709060669 ,lr 0.01
INFO:root:epoch 0, Episode 49, total_loss: 446.5268859863281, q_loss 444.30267333984375, v_loss 2.22420597076416 ,lr 0.01
INFO:root:epoch 0, Episode 50, total_loss: 244.04196166992188, q_loss 242.1016387939453, v_loss 1.94032883644104 ,lr 0.01
INFO:root:epoch 0, Episode 51, total_loss: 506.0560302734375, q_loss 499.7052307128906, v_loss 6.350784778594971 ,lr 0.01
INFO:root:epoch 0, Episode 52, total_loss: 401.27752685546875, q_loss 397.1871643066406, v_loss 4.090376377105713 ,lr 0.01
INFO:root:epoch 0, Episode 53, total_loss: 207.9730987548828, q_loss 207.07533264160156, v_loss 0.8977699279785156 ,lr 0.01
INFO:root:epoch 0, Episode 54, total_loss: 695.2734375, q_loss 693.2891235351562, v_loss 1.9843330383300781 ,lr 0.01
INFO:root:epoch 0, Episode 55, total_loss: 374.2588806152344, q_loss 369.3883056640625, v_loss 4.870572090148926 ,lr 0.01
INFO:root:epoch 0, Episode 56, total_loss: 315.5758361816406, q_loss 312.317626953125, v_loss 3.258208990097046 ,lr 0.01
INFO:root:epoch 0, Episode 57, total_loss: 549.4032592773438, q_loss 543.458251953125, v_loss 5.9450249671936035 ,lr 0.01
INFO:root:epoch 0, Episode 58, total_loss: 383.1605529785156, q_loss 382.1726379394531, v_loss 0.9879293441772461 ,lr 0.01
INFO:root:epoch 0, Episode 59, total_loss: 377.31500244140625, q_loss 371.4535827636719, v_loss 5.861423015594482 ,lr 0.01
INFO:root:epoch 0, Episode 60, total_loss: 234.61695861816406, q_loss 232.84474182128906, v_loss 1.7722094058990479 ,lr 0.01
INFO:root:epoch 1, Episode 0, total_loss: 556.2205810546875, q_loss 552.8530883789062, v_loss 3.367478370666504 ,lr 0.01
INFO:root:epoch 1, Episode 1, total_loss: 432.1072998046875, q_loss 430.24053955078125, v_loss 1.8667502403259277 ,lr 0.01
INFO:root:epoch 1, Episode 2, total_loss: 836.5151977539062, q_loss 834.2388305664062, v_loss 2.276395320892334 ,lr 0.01
INFO:root:epoch 1, Episode 3, total_loss: 1636.056884765625, q_loss 1632.8138427734375, v_loss 3.2430267333984375 ,lr 0.01
INFO:root:epoch 1, Episode 4, total_loss: 1098.874755859375, q_loss 1095.9805908203125, v_loss 2.8941402435302734 ,lr 0.01
INFO:root:epoch 1, Episode 5, total_loss: 430.146728515625, q_loss 427.81500244140625, v_loss 2.3317372798919678 ,lr 0.01
INFO:root:epoch 1, Episode 6, total_loss: 904.0852661132812, q_loss 900.4531860351562, v_loss 3.632107734680176 ,lr 0.01
INFO:root:epoch 1, Episode 7, total_loss: 704.9129028320312, q_loss 703.3925170898438, v_loss 1.5203756093978882 ,lr 0.01
INFO:root:epoch 1, Episode 8, total_loss: 885.9736938476562, q_loss 884.7035522460938, v_loss 1.2701297998428345 ,lr 0.01
INFO:root:epoch 1, Episode 9, total_loss: 375.7215576171875, q_loss 373.12750244140625, v_loss 2.594048023223877 ,lr 0.01
INFO:root:epoch 1, Episode 10, total_loss: 513.0764770507812, q_loss 509.9698791503906, v_loss 3.1066040992736816 ,lr 0.01
INFO:root:epoch 1, Episode 11, total_loss: 438.64251708984375, q_loss 435.6982727050781, v_loss 2.9442334175109863 ,lr 0.01
INFO:root:epoch 1, Episode 12, total_loss: 239.7183837890625, q_loss 238.56549072265625, v_loss 1.1528942584991455 ,lr 0.01
INFO:root:epoch 1, Episode 13, total_loss: 486.8863220214844, q_loss 485.0948791503906, v_loss 1.7914389371871948 ,lr 0.01
INFO:root:epoch 1, Episode 14, total_loss: 889.8443603515625, q_loss 886.8112182617188, v_loss 3.0331497192382812 ,lr 0.01
INFO:root:epoch 1, Episode 15, total_loss: 325.1395568847656, q_loss 323.4530029296875, v_loss 1.6865566968917847 ,lr 0.01
INFO:root:epoch 1, Episode 16, total_loss: 192.115234375, q_loss 190.62977600097656, v_loss 1.485453486442566 ,lr 0.01
INFO:root:epoch 1, Episode 17, total_loss: 809.3240966796875, q_loss 805.1522827148438, v_loss 4.171822547912598 ,lr 0.01
INFO:root:epoch 1, Episode 18, total_loss: 1150.478515625, q_loss 1149.4473876953125, v_loss 1.0311400890350342 ,lr 0.01
INFO:root:epoch 1, Episode 19, total_loss: 1437.848388671875, q_loss 1430.232666015625, v_loss 7.615715980529785 ,lr 0.01
INFO:root:epoch 1, Episode 20, total_loss: 558.5350341796875, q_loss 554.6376953125, v_loss 3.897341251373291 ,lr 0.01
INFO:root:epoch 1, Episode 21, total_loss: 540.1571655273438, q_loss 537.9312744140625, v_loss 2.225882053375244 ,lr 0.01
INFO:root:epoch 1, Episode 22, total_loss: 692.1442260742188, q_loss 688.218994140625, v_loss 3.9252495765686035 ,lr 0.01
INFO:root:epoch 1, Episode 23, total_loss: 1450.2803955078125, q_loss 1446.583251953125, v_loss 3.69710636138916 ,lr 0.01
INFO:root:epoch 1, Episode 24, total_loss: 664.4674072265625, q_loss 661.9069213867188, v_loss 2.560480833053589 ,lr 0.01
INFO:root:epoch 1, Episode 25, total_loss: 299.7506408691406, q_loss 298.059326171875, v_loss 1.6913021802902222 ,lr 0.01
INFO:root:epoch 1, Episode 26, total_loss: 381.0074157714844, q_loss 379.22174072265625, v_loss 1.7856849431991577 ,lr 0.01
INFO:root:epoch 1, Episode 27, total_loss: 573.9061889648438, q_loss 572.6541137695312, v_loss 1.2520761489868164 ,lr 0.01
INFO:root:epoch 1, Episode 28, total_loss: 136.13600158691406, q_loss 134.7366485595703, v_loss 1.3993550539016724 ,lr 0.01
INFO:root:epoch 1, Episode 29, total_loss: 257.0701599121094, q_loss 255.63925170898438, v_loss 1.4309229850769043 ,lr 0.01
INFO:root:epoch 1, Episode 30, total_loss: 275.7679748535156, q_loss 273.9299011230469, v_loss 1.8380788564682007 ,lr 0.01
INFO:root:epoch 1, Episode 31, total_loss: 512.3419799804688, q_loss 509.7286071777344, v_loss 2.613400936126709 ,lr 0.01
INFO:root:epoch 1, Episode 32, total_loss: 305.1256103515625, q_loss 303.51080322265625, v_loss 1.6148121356964111 ,lr 0.01
INFO:root:epoch 1, Episode 33, total_loss: 241.69589233398438, q_loss 240.36166381835938, v_loss 1.3342247009277344 ,lr 0.01
INFO:root:epoch 1, Episode 34, total_loss: 432.59033203125, q_loss 428.69610595703125, v_loss 3.8942244052886963 ,lr 0.01
INFO:root:epoch 1, Episode 35, total_loss: 272.02734375, q_loss 270.1371154785156, v_loss 1.8902167081832886 ,lr 0.01
INFO:root:epoch 1, Episode 36, total_loss: 168.17796325683594, q_loss 166.96852111816406, v_loss 1.2094413042068481 ,lr 0.01
INFO:root:epoch 1, Episode 37, total_loss: 357.33966064453125, q_loss 356.0628356933594, v_loss 1.2768323421478271 ,lr 0.01
