INFO:root:Episode 0, total_loss: 14292.0654296875, q_loss 12533.6904296875, v_loss 1758.375
INFO:root:Episode 1, total_loss: 6217.9287109375, q_loss 3785.10107421875, v_loss 2432.82763671875
INFO:root:Episode 2, total_loss: 2231.33642578125, q_loss 1302.8795166015625, v_loss 928.456787109375
INFO:root:Episode 3, total_loss: 3507.98583984375, q_loss 2315.5390625, v_loss 1192.4468994140625
INFO:root:Episode 4, total_loss: 5778.38330078125, q_loss 3870.903076171875, v_loss 1907.480224609375
INFO:root:Episode 5, total_loss: 5892.76220703125, q_loss 4011.53466796875, v_loss 1881.2274169921875
INFO:root:Episode 6, total_loss: 3324.732421875, q_loss 2164.806396484375, v_loss 1159.9259033203125
INFO:root:Episode 7, total_loss: 2484.092041015625, q_loss 1524.6312255859375, v_loss 959.4608764648438
INFO:root:Episode 8, total_loss: 2251.02587890625, q_loss 1281.884521484375, v_loss 969.1412353515625
INFO:root:Episode 9, total_loss: 3286.1103515625, q_loss 2376.356201171875, v_loss 909.7540893554688
INFO:root:Episode 10, total_loss: 2799.6494140625, q_loss 1586.0921630859375, v_loss 1213.557373046875
INFO:root:Episode 11, total_loss: 1696.12255859375, q_loss 1004.0835571289062, v_loss 692.0389404296875
INFO:root:Episode 12, total_loss: 801.8651123046875, q_loss 434.4044189453125, v_loss 367.4607238769531
INFO:root:Episode 13, total_loss: 1454.839111328125, q_loss 763.58642578125, v_loss 691.2526245117188
INFO:root:Episode 14, total_loss: 2674.4296875, q_loss 1739.6517333984375, v_loss 934.77783203125
INFO:root:Episode 15, total_loss: 4216.4814453125, q_loss 3590.2138671875, v_loss 626.2677612304688
INFO:root:Episode 16, total_loss: 1507.6317138671875, q_loss 762.3676147460938, v_loss 745.2640991210938
INFO:root:Episode 17, total_loss: 10902.9306640625, q_loss 9425.4501953125, v_loss 1477.4801025390625
INFO:root:Episode 18, total_loss: 2758.0068359375, q_loss 1788.3197021484375, v_loss 969.6871948242188
INFO:root:Episode 19, total_loss: 2022.793701171875, q_loss 1100.4163818359375, v_loss 922.3772583007812
INFO:root:Episode 20, total_loss: 1153.208984375, q_loss 560.6103515625, v_loss 592.5986328125
INFO:root:Episode 21, total_loss: 583.6505737304688, q_loss 335.3084716796875, v_loss 248.3421173095703
INFO:root:Episode 22, total_loss: 1510.3536376953125, q_loss 970.760498046875, v_loss 539.5931396484375
INFO:root:Episode 23, total_loss: 1621.723876953125, q_loss 1122.41259765625, v_loss 499.3112487792969
INFO:root:Episode 24, total_loss: 2280.26904296875, q_loss 1405.8109130859375, v_loss 874.4580078125
INFO:root:Episode 25, total_loss: 2079.74072265625, q_loss 1372.740966796875, v_loss 706.9998168945312
INFO:root:Episode 26, total_loss: 701.2227783203125, q_loss 388.04095458984375, v_loss 313.18182373046875
INFO:root:Episode 27, total_loss: 664.3094482421875, q_loss 360.60308837890625, v_loss 303.7063903808594
INFO:root:Episode 28, total_loss: 1660.0050048828125, q_loss 867.6640625, v_loss 792.3409423828125
INFO:root:Episode 29, total_loss: 1216.3115234375, q_loss 735.8056640625, v_loss 480.5058288574219
INFO:root:Episode 30, total_loss: 791.424560546875, q_loss 392.907470703125, v_loss 398.51708984375
INFO:root:Episode 31, total_loss: 1022.55224609375, q_loss 665.4765014648438, v_loss 357.07574462890625
INFO:root:Episode 32, total_loss: 675.76806640625, q_loss 328.8701171875, v_loss 346.89794921875
INFO:root:Episode 33, total_loss: 1019.0174560546875, q_loss 516.7529296875, v_loss 502.2645263671875
INFO:root:Episode 34, total_loss: 2273.705322265625, q_loss 1325.9671630859375, v_loss 947.7381591796875
INFO:root:Episode 35, total_loss: 2237.57568359375, q_loss 1734.322998046875, v_loss 503.2528076171875
INFO:root:Episode 36, total_loss: 565.11328125, q_loss 306.1072998046875, v_loss 259.0060119628906
INFO:root:Episode 37, total_loss: 742.17529296875, q_loss 415.75018310546875, v_loss 326.4251403808594
INFO:root:Episode 38, total_loss: 828.92041015625, q_loss 390.82965087890625, v_loss 438.0907897949219
INFO:root:Episode 39, total_loss: 2193.285400390625, q_loss 1621.8525390625, v_loss 571.432861328125
INFO:root:Episode 40, total_loss: 1375.25439453125, q_loss 627.7269287109375, v_loss 747.5274047851562
INFO:root:Episode 41, total_loss: 794.8009033203125, q_loss 387.6152038574219, v_loss 407.1856994628906
INFO:root:Episode 42, total_loss: 8243.9140625, q_loss 7850.22998046875, v_loss 393.6838684082031
INFO:root:Episode 43, total_loss: 6690.04150390625, q_loss 6296.56396484375, v_loss 393.47735595703125
INFO:root:Episode 0, total_loss: 55811.37890625, q_loss 43710.0859375, v_loss 12101.29296875
INFO:root:Episode 1, total_loss: 26300.8359375, q_loss 20332.771484375, v_loss 5968.06396484375
INFO:root:Episode 2, total_loss: 13896.5625, q_loss 10736.6005859375, v_loss 3159.9619140625
INFO:root:Episode 3, total_loss: 9654.439453125, q_loss 5282.7490234375, v_loss 4371.6904296875
INFO:root:Episode 4, total_loss: 11634.662109375, q_loss 5654.1015625, v_loss 5980.56103515625
INFO:root:Episode 5, total_loss: 13078.955078125, q_loss 7505.20849609375, v_loss 5573.74609375
INFO:root:Episode 6, total_loss: 11165.6904296875, q_loss 6856.8017578125, v_loss 4308.888671875
INFO:root:Episode 7, total_loss: 7884.12109375, q_loss 4981.92724609375, v_loss 2902.19384765625
INFO:root:Episode 8, total_loss: 7491.91162109375, q_loss 4746.07275390625, v_loss 2745.8388671875
INFO:root:Episode 9, total_loss: 6409.0751953125, q_loss 4388.7392578125, v_loss 2020.335693359375
INFO:root:Episode 10, total_loss: 5184.28466796875, q_loss 3123.47021484375, v_loss 2060.814453125
INFO:root:Episode 11, total_loss: 5399.15380859375, q_loss 2837.514892578125, v_loss 2561.638916015625
INFO:root:Episode 12, total_loss: 5235.384765625, q_loss 2790.6689453125, v_loss 2444.716064453125
INFO:root:Episode 13, total_loss: 6775.8857421875, q_loss 4062.6689453125, v_loss 2713.216552734375
INFO:root:Episode 14, total_loss: 9313.46875, q_loss 6052.13671875, v_loss 3261.33154296875
INFO:root:Episode 15, total_loss: 8496.7841796875, q_loss 6088.7890625, v_loss 2407.994873046875
INFO:root:Episode 16, total_loss: 5683.666015625, q_loss 2582.6005859375, v_loss 3101.065673828125
INFO:root:Episode 17, total_loss: 19049.279296875, q_loss 12297.6396484375, v_loss 6751.6396484375
INFO:root:Episode 18, total_loss: 8800.9990234375, q_loss 5436.990234375, v_loss 3364.009033203125
INFO:root:Episode 19, total_loss: 5352.18896484375, q_loss 2843.553955078125, v_loss 2508.635009765625
INFO:root:Episode 20, total_loss: 4185.755859375, q_loss 2339.634765625, v_loss 1846.121337890625
INFO:root:Episode 21, total_loss: 3201.81005859375, q_loss 1622.950439453125, v_loss 1578.859619140625
INFO:root:Episode 22, total_loss: 5160.453125, q_loss 2914.42578125, v_loss 2246.02734375
INFO:root:Episode 23, total_loss: 7945.515625, q_loss 4664.19873046875, v_loss 3281.316650390625
INFO:root:Episode 24, total_loss: 5273.5068359375, q_loss 2926.122802734375, v_loss 2347.384033203125
INFO:root:Episode 25, total_loss: 6843.49658203125, q_loss 3953.945068359375, v_loss 2889.551513671875
INFO:root:Episode 26, total_loss: 2708.4013671875, q_loss 1265.92822265625, v_loss 1442.4730224609375
INFO:root:Episode 27, total_loss: 3194.42724609375, q_loss 1658.591796875, v_loss 1535.8355712890625
INFO:root:Episode 28, total_loss: 5049.59033203125, q_loss 2667.815673828125, v_loss 2381.774658203125
INFO:root:Episode 29, total_loss: 4185.1455078125, q_loss 2356.84814453125, v_loss 1828.2972412109375
INFO:root:Episode 30, total_loss: 4136.4482421875, q_loss 2257.91943359375, v_loss 1878.5289306640625
INFO:root:Episode 31, total_loss: 4855.20166015625, q_loss 2915.591064453125, v_loss 1939.6104736328125
INFO:root:Episode 32, total_loss: 2988.92236328125, q_loss 1730.490234375, v_loss 1258.4320068359375
INFO:root:Episode 33, total_loss: 3120.6396484375, q_loss 1574.0950927734375, v_loss 1546.544677734375
INFO:root:Episode 34, total_loss: 6280.958984375, q_loss 3534.386474609375, v_loss 2746.572509765625
INFO:root:Episode 35, total_loss: 4489.37109375, q_loss 2979.047119140625, v_loss 1510.3238525390625
INFO:root:Episode 36, total_loss: 2538.881591796875, q_loss 1522.88818359375, v_loss 1015.9933471679688
INFO:root:Episode 37, total_loss: 3894.7646484375, q_loss 2009.8436279296875, v_loss 1884.9210205078125
INFO:root:Episode 38, total_loss: 3047.1982421875, q_loss 1423.491943359375, v_loss 1623.706298828125
INFO:root:Episode 39, total_loss: 4660.35791015625, q_loss 2732.9814453125, v_loss 1927.3763427734375
INFO:root:Episode 40, total_loss: 2400.328125, q_loss 1305.2215576171875, v_loss 1095.1064453125
INFO:root:Episode 41, total_loss: 3077.13671875, q_loss 1542.4212646484375, v_loss 1534.7154541015625
INFO:root:Episode 42, total_loss: 9328.5791015625, q_loss 7906.6669921875, v_loss 1421.912109375
INFO:root:Episode 43, total_loss: 5386.63330078125, q_loss 4931.39208984375, v_loss 455.2410583496094
INFO:root:Episode 44, total_loss: 3075.47216796875, q_loss 2028.1600341796875, v_loss 1047.312255859375
INFO:root:Episode 45, total_loss: 3197.1455078125, q_loss 1712.124755859375, v_loss 1485.0208740234375
INFO:root:Episode 46, total_loss: 3143.325927734375, q_loss 1666.4259033203125, v_loss 1476.9000244140625
INFO:root:Episode 47, total_loss: 1767.49169921875, q_loss 889.8574829101562, v_loss 877.6342163085938
INFO:root:Episode 48, total_loss: 2817.953125, q_loss 1809.4693603515625, v_loss 1008.4837036132812
INFO:root:Episode 49, total_loss: 7892.12646484375, q_loss 6333.53857421875, v_loss 1558.587890625
INFO:root:Episode 50, total_loss: 3984.33935546875, q_loss 3119.589111328125, v_loss 864.7501220703125
INFO:root:Episode 51, total_loss: 1947.5992431640625, q_loss 1036.1923828125, v_loss 911.4068603515625
INFO:root:Episode 52, total_loss: 3233.23046875, q_loss 2143.79052734375, v_loss 1089.4398193359375
INFO:root:Episode 53, total_loss: 3174.31298828125, q_loss 1959.0950927734375, v_loss 1215.218017578125
INFO:root:Episode 54, total_loss: 2414.5986328125, q_loss 1179.5540771484375, v_loss 1235.04443359375
INFO:root:Episode 55, total_loss: 5828.5810546875, q_loss 4337.904296875, v_loss 1490.6768798828125
INFO:root:Episode 56, total_loss: 2298.2880859375, q_loss 1170.26416015625, v_loss 1128.0238037109375
INFO:root:Episode 57, total_loss: 2080.46240234375, q_loss 984.094482421875, v_loss 1096.3680419921875
INFO:root:Episode 58, total_loss: 3566.788330078125, q_loss 2432.71142578125, v_loss 1134.076904296875
INFO:root:Episode 59, total_loss: 2263.63720703125, q_loss 1115.246337890625, v_loss 1148.3907470703125
INFO:root:Episode 60, total_loss: 3515.844970703125, q_loss 2879.07470703125, v_loss 636.7702026367188
INFO:root:Episode 61, total_loss: 1707.892822265625, q_loss 1001.578369140625, v_loss 706.3145141601562
INFO:root:Episode 62, total_loss: 1736.723388671875, q_loss 870.1074829101562, v_loss 866.6158447265625
INFO:root:Episode 63, total_loss: 2279.44921875, q_loss 1301.25439453125, v_loss 978.19482421875
INFO:root:Episode 64, total_loss: 3273.14990234375, q_loss 2115.4130859375, v_loss 1157.7366943359375
INFO:root:Episode 65, total_loss: 1656.892578125, q_loss 869.3734130859375, v_loss 787.5192260742188
INFO:root:Episode 66, total_loss: 1946.4224853515625, q_loss 1123.674072265625, v_loss 822.7484130859375
INFO:root:Episode 67, total_loss: 1670.896484375, q_loss 889.9839477539062, v_loss 780.9125366210938
INFO:root:Episode 68, total_loss: 2036.29296875, q_loss 986.4124145507812, v_loss 1049.880615234375
INFO:root:Episode 69, total_loss: 2607.71875, q_loss 1957.189453125, v_loss 650.5291748046875
INFO:root:Episode 70, total_loss: 1956.56640625, q_loss 1093.7001953125, v_loss 862.8662109375
INFO:root:Episode 71, total_loss: 2016.3427734375, q_loss 1170.44580078125, v_loss 845.89697265625
INFO:root:Episode 72, total_loss: 3118.437255859375, q_loss 2469.00146484375, v_loss 649.4357299804688
INFO:root:Episode 73, total_loss: 1743.4990234375, q_loss 876.8739624023438, v_loss 866.625
INFO:root:Episode 74, total_loss: 1040.63623046875, q_loss 623.5403442382812, v_loss 417.095947265625
INFO:root:Episode 75, total_loss: 1261.767822265625, q_loss 695.0686645507812, v_loss 566.6991577148438
INFO:root:Episode 76, total_loss: 2214.677734375, q_loss 1109.0858154296875, v_loss 1105.5919189453125
INFO:root:Episode 77, total_loss: 3213.10888671875, q_loss 2383.3134765625, v_loss 829.79541015625
INFO:root:Episode 78, total_loss: 1684.7879638671875, q_loss 887.642822265625, v_loss 797.1451416015625
INFO:root:Episode 79, total_loss: 2000.3502197265625, q_loss 981.15869140625, v_loss 1019.1915283203125
INFO:root:Episode 80, total_loss: 1581.869873046875, q_loss 813.818359375, v_loss 768.051513671875
INFO:root:Episode 81, total_loss: 1995.8896484375, q_loss 1059.4501953125, v_loss 936.4393920898438
INFO:root:Episode 82, total_loss: 1160.545166015625, q_loss 665.3030395507812, v_loss 495.2420959472656
INFO:root:Episode 83, total_loss: 1720.162841796875, q_loss 920.88232421875, v_loss 799.2805786132812
INFO:root:Episode 84, total_loss: 3581.29150390625, q_loss 2820.48388671875, v_loss 760.8075561523438
INFO:root:Episode 85, total_loss: 1998.5054931640625, q_loss 1044.71240234375, v_loss 953.7930908203125
INFO:root:Episode 86, total_loss: 1940.489990234375, q_loss 994.0208740234375, v_loss 946.4690551757812
INFO:root:Episode 87, total_loss: 1949.2943115234375, q_loss 1088.832275390625, v_loss 860.4620361328125
INFO:root:Episode 88, total_loss: 1632.741455078125, q_loss 845.8055419921875, v_loss 786.9358520507812
INFO:root:Episode 89, total_loss: 1158.873779296875, q_loss 634.3697509765625, v_loss 524.5040283203125
INFO:root:Episode 90, total_loss: 2059.400634765625, q_loss 1026.125244140625, v_loss 1033.275390625
INFO:root:Episode 91, total_loss: 1889.52099609375, q_loss 1022.5816650390625, v_loss 866.9393310546875
INFO:root:Episode 92, total_loss: 2009.11083984375, q_loss 1351.5543212890625, v_loss 657.5565185546875
INFO:root:Episode 93, total_loss: 1733.293212890625, q_loss 917.2960205078125, v_loss 815.9971923828125
INFO:root:Episode 94, total_loss: 1763.473388671875, q_loss 821.9466552734375, v_loss 941.5266723632812
INFO:root:Episode 95, total_loss: 1620.829833984375, q_loss 879.7827758789062, v_loss 741.047119140625
INFO:root:Episode 96, total_loss: 2241.825927734375, q_loss 1245.90478515625, v_loss 995.921142578125
INFO:root:Episode 97, total_loss: 1582.16748046875, q_loss 1020.8253784179688, v_loss 561.3421630859375
INFO:root:Episode 98, total_loss: 1326.485595703125, q_loss 697.7139282226562, v_loss 628.771728515625
INFO:root:Episode 99, total_loss: 1626.323974609375, q_loss 822.419189453125, v_loss 803.90478515625
INFO:root:Episode 100, total_loss: 758.0977783203125, q_loss 427.497802734375, v_loss 330.5999755859375
INFO:root:Episode 101, total_loss: 1525.754150390625, q_loss 843.8440551757812, v_loss 681.91015625
INFO:root:Episode 102, total_loss: 3933.02294921875, q_loss 3364.944580078125, v_loss 568.0784912109375
INFO:root:Episode 103, total_loss: 1358.23095703125, q_loss 630.6084594726562, v_loss 727.6224975585938
INFO:root:Episode 104, total_loss: 1291.23876953125, q_loss 654.1404418945312, v_loss 637.0982666015625
INFO:root:Episode 105, total_loss: 793.1273803710938, q_loss 391.8468933105469, v_loss 401.2804870605469
INFO:root:Episode 106, total_loss: 1098.1820068359375, q_loss 626.7171630859375, v_loss 471.46484375
INFO:root:Episode 107, total_loss: 2428.7119140625, q_loss 1922.5511474609375, v_loss 506.160888671875
INFO:root:Episode 108, total_loss: 1355.480224609375, q_loss 793.1884155273438, v_loss 562.2918701171875
INFO:root:Episode 109, total_loss: 1638.06005859375, q_loss 853.2547607421875, v_loss 784.8053588867188
INFO:root:Episode 110, total_loss: 1197.2496337890625, q_loss 604.3746337890625, v_loss 592.875
INFO:root:Episode 111, total_loss: 2632.741455078125, q_loss 1984.1046142578125, v_loss 648.6368408203125
INFO:root:Episode 112, total_loss: 2798.838134765625, q_loss 1840.7713623046875, v_loss 958.0668334960938
INFO:root:Episode 113, total_loss: 1311.85302734375, q_loss 709.662109375, v_loss 602.19091796875
INFO:root:Episode 114, total_loss: 1356.8177490234375, q_loss 648.5697021484375, v_loss 708.248046875
INFO:root:Episode 115, total_loss: 1044.848876953125, q_loss 521.3453369140625, v_loss 523.5036010742188
INFO:root:Episode 116, total_loss: 2436.82373046875, q_loss 1731.6058349609375, v_loss 705.2178344726562
INFO:root:Episode 117, total_loss: 1570.2890625, q_loss 787.8213500976562, v_loss 782.4676513671875
INFO:root:Episode 118, total_loss: 1124.923095703125, q_loss 552.9082641601562, v_loss 572.014892578125
INFO:root:Episode 119, total_loss: 1313.6572265625, q_loss 644.3218994140625, v_loss 669.3352661132812
INFO:root:Episode 120, total_loss: 1390.92138671875, q_loss 718.1935424804688, v_loss 672.7278442382812
INFO:root:Episode 121, total_loss: 1009.6519775390625, q_loss 529.486572265625, v_loss 480.1654357910156
INFO:root:Episode 122, total_loss: 1321.35205078125, q_loss 605.7667236328125, v_loss 715.5853271484375
INFO:root:Episode 123, total_loss: 1340.91552734375, q_loss 773.2479248046875, v_loss 567.6675415039062
INFO:root:Episode 124, total_loss: 968.8511962890625, q_loss 480.646240234375, v_loss 488.2049560546875
INFO:root:Episode 125, total_loss: 1261.4385986328125, q_loss 650.8882446289062, v_loss 610.5503540039062
INFO:root:Episode 126, total_loss: 9741.828125, q_loss 9209.078125, v_loss 532.7495727539062
INFO:root:Episode 127, total_loss: 2898.365966796875, q_loss 2104.451416015625, v_loss 793.9144897460938
INFO:root:Episode 128, total_loss: 1878.2493896484375, q_loss 1443.2318115234375, v_loss 435.017578125
INFO:root:Episode 129, total_loss: 1312.7568359375, q_loss 700.8480834960938, v_loss 611.9088134765625
INFO:root:Episode 130, total_loss: 2456.9111328125, q_loss 1690.3167724609375, v_loss 766.594482421875
INFO:root:Episode 131, total_loss: 6775.65625, q_loss 5515.716796875, v_loss 1259.9393310546875
INFO:root:Episode 132, total_loss: 1370.2669677734375, q_loss 686.1304321289062, v_loss 684.1365356445312
INFO:root:Episode 133, total_loss: 1413.5419921875, q_loss 883.1438598632812, v_loss 530.398193359375
INFO:root:Episode 134, total_loss: 6178.6337890625, q_loss 5605.09033203125, v_loss 573.5433959960938
INFO:root:Episode 135, total_loss: 1638.2493896484375, q_loss 794.772216796875, v_loss 843.4771728515625
INFO:root:Episode 136, total_loss: 894.031982421875, q_loss 479.4175109863281, v_loss 414.614501953125
INFO:root:Episode 137, total_loss: 974.8497314453125, q_loss 577.6173706054688, v_loss 397.2323303222656
INFO:root:Episode 138, total_loss: 4435.3662109375, q_loss 3756.89794921875, v_loss 678.468017578125
INFO:root:Episode 139, total_loss: 1611.9482421875, q_loss 779.654541015625, v_loss 832.2937622070312
INFO:root:Episode 140, total_loss: 1541.599609375, q_loss 752.3755493164062, v_loss 789.2239990234375
INFO:root:Episode 141, total_loss: 12824.8173828125, q_loss 11136.7216796875, v_loss 1688.0953369140625
INFO:root:Episode 142, total_loss: 911.1074829101562, q_loss 510.8914794921875, v_loss 400.21600341796875
INFO:root:Episode 143, total_loss: 1223.065673828125, q_loss 619.0299682617188, v_loss 604.0357666015625
INFO:root:Episode 144, total_loss: 1482.44873046875, q_loss 672.1198120117188, v_loss 810.3289184570312
INFO:root:Episode 145, total_loss: 12647.6650390625, q_loss 11473.2197265625, v_loss 1174.445068359375
INFO:root:Episode 146, total_loss: 9153.5869140625, q_loss 8681.0107421875, v_loss 472.57647705078125
INFO:root:Episode 147, total_loss: 6777.40673828125, q_loss 5919.0361328125, v_loss 858.3705444335938
INFO:root:Episode 148, total_loss: 1583.445068359375, q_loss 1097.0909423828125, v_loss 486.35406494140625
INFO:root:Episode 149, total_loss: 1919.6912841796875, q_loss 1378.0003662109375, v_loss 541.69091796875
INFO:root:Episode 150, total_loss: 2127.588134765625, q_loss 1303.5201416015625, v_loss 824.0679321289062
INFO:root:Episode 151, total_loss: 2657.385498046875, q_loss 1477.7642822265625, v_loss 1179.6212158203125
INFO:root:Episode 152, total_loss: 1061.17041015625, q_loss 544.4117431640625, v_loss 516.7586669921875
INFO:root:Episode 153, total_loss: 1396.3076171875, q_loss 854.6853637695312, v_loss 541.6222534179688
INFO:root:Episode 154, total_loss: 4100.9541015625, q_loss 3225.751220703125, v_loss 875.2029418945312
INFO:root:Episode 155, total_loss: 5838.83349609375, q_loss 5276.82373046875, v_loss 562.0097045898438
INFO:root:Episode 156, total_loss: 1383.582275390625, q_loss 859.4874267578125, v_loss 524.0948486328125
INFO:root:Episode 157, total_loss: 1395.430419921875, q_loss 701.4608764648438, v_loss 693.9695434570312
INFO:root:Episode 158, total_loss: 920.322509765625, q_loss 427.65667724609375, v_loss 492.6658020019531
INFO:root:Episode 159, total_loss: 1252.5213623046875, q_loss 691.3897094726562, v_loss 561.1316528320312
INFO:root:Episode 160, total_loss: 1165.65087890625, q_loss 573.6237182617188, v_loss 592.0271606445312
INFO:root:Episode 161, total_loss: 1133.8499755859375, q_loss 651.3613891601562, v_loss 482.4886169433594
INFO:root:Episode 162, total_loss: 1209.10888671875, q_loss 640.380615234375, v_loss 568.7283325195312
INFO:root:Episode 163, total_loss: 4649.6123046875, q_loss 3493.221923828125, v_loss 1156.390625
INFO:root:Episode 164, total_loss: 895.7589111328125, q_loss 432.46038818359375, v_loss 463.2984924316406
INFO:root:Episode 165, total_loss: 1271.035400390625, q_loss 631.4448852539062, v_loss 639.590576171875
INFO:root:Episode 166, total_loss: 1781.025634765625, q_loss 1139.440673828125, v_loss 641.5849609375
INFO:root:Episode 167, total_loss: 1410.5537109375, q_loss 766.4000854492188, v_loss 644.153564453125
INFO:root:Episode 168, total_loss: 1517.96923828125, q_loss 892.6620483398438, v_loss 625.3072509765625
INFO:root:Episode 169, total_loss: 1615.5870361328125, q_loss 1258.892578125, v_loss 356.6944580078125
INFO:root:Episode 170, total_loss: 867.1922607421875, q_loss 425.4133605957031, v_loss 441.77886962890625
INFO:root:Episode 171, total_loss: 1087.1181640625, q_loss 741.8685302734375, v_loss 345.2496032714844
INFO:root:Episode 172, total_loss: 1557.2880859375, q_loss 870.7866821289062, v_loss 686.50146484375
INFO:root:Episode 173, total_loss: 899.7083129882812, q_loss 522.2298583984375, v_loss 377.47845458984375
INFO:root:Episode 174, total_loss: 2574.31884765625, q_loss 1835.352294921875, v_loss 738.9666137695312
INFO:root:Episode 175, total_loss: 1163.490478515625, q_loss 644.5786743164062, v_loss 518.9117431640625
INFO:root:Episode 176, total_loss: 4759.203125, q_loss 4489.6376953125, v_loss 269.56561279296875
INFO:root:Episode 177, total_loss: 3231.871826171875, q_loss 2734.3466796875, v_loss 497.525146484375
INFO:root:Episode 178, total_loss: 940.2626953125, q_loss 514.9307250976562, v_loss 425.3320007324219
INFO:root:Episode 179, total_loss: 1070.761474609375, q_loss 560.1746826171875, v_loss 510.58685302734375
INFO:root:Episode 180, total_loss: 942.7506713867188, q_loss 499.9325866699219, v_loss 442.8180847167969
INFO:root:Episode 181, total_loss: 889.6851806640625, q_loss 460.6456298828125, v_loss 429.03955078125
INFO:root:Episode 182, total_loss: 1284.2325439453125, q_loss 826.5087280273438, v_loss 457.7238464355469
INFO:root:Episode 183, total_loss: 1111.1265869140625, q_loss 491.54736328125, v_loss 619.5792236328125
INFO:root:Episode 184, total_loss: 1236.5531005859375, q_loss 568.1000366210938, v_loss 668.4530639648438
INFO:root:Episode 185, total_loss: 960.4281005859375, q_loss 535.4594116210938, v_loss 424.9686584472656
INFO:root:Episode 186, total_loss: 851.805908203125, q_loss 469.2863464355469, v_loss 382.5195617675781
INFO:root:Episode 187, total_loss: 782.2783203125, q_loss 372.0325622558594, v_loss 410.2457275390625
INFO:root:Episode 188, total_loss: 693.9879150390625, q_loss 333.847412109375, v_loss 360.1404724121094
INFO:root:Episode 189, total_loss: 503.58148193359375, q_loss 249.60325622558594, v_loss 253.9782257080078
INFO:root:Episode 190, total_loss: 1068.475830078125, q_loss 629.9581298828125, v_loss 438.51776123046875
INFO:root:Episode 191, total_loss: 984.0250244140625, q_loss 535.3070068359375, v_loss 448.718017578125
INFO:root:Episode 192, total_loss: 835.4296264648438, q_loss 459.8675842285156, v_loss 375.5620422363281
INFO:root:Episode 193, total_loss: 931.2509765625, q_loss 502.9981994628906, v_loss 428.25274658203125
INFO:root:Episode 194, total_loss: 858.991455078125, q_loss 475.9088134765625, v_loss 383.0826110839844
INFO:root:Episode 195, total_loss: 1149.352294921875, q_loss 671.955078125, v_loss 477.39727783203125
INFO:root:Episode 196, total_loss: 1116.967529296875, q_loss 573.572509765625, v_loss 543.3950805664062
INFO:root:Episode 197, total_loss: 853.8523559570312, q_loss 475.7939758300781, v_loss 378.0583801269531
INFO:root:Episode 198, total_loss: 789.6987915039062, q_loss 390.884765625, v_loss 398.81402587890625
INFO:root:Episode 199, total_loss: 581.6451416015625, q_loss 318.9092712402344, v_loss 262.7358703613281
INFO:root:Episode 200, total_loss: 2271.48193359375, q_loss 1830.4716796875, v_loss 441.0101623535156
INFO:root:Episode 201, total_loss: 637.7705078125, q_loss 271.495849609375, v_loss 366.2746276855469
INFO:root:Episode 202, total_loss: 888.948974609375, q_loss 512.4616088867188, v_loss 376.4873352050781
INFO:root:Episode 203, total_loss: 843.4471435546875, q_loss 435.0735778808594, v_loss 408.3735656738281
INFO:root:Episode 204, total_loss: 1479.032470703125, q_loss 1076.8619384765625, v_loss 402.1705627441406
INFO:root:Episode 205, total_loss: 1747.906005859375, q_loss 1420.361328125, v_loss 327.5446472167969
INFO:root:Episode 206, total_loss: 1426.259033203125, q_loss 1008.2413940429688, v_loss 418.017578125
INFO:root:Episode 207, total_loss: 684.9789428710938, q_loss 371.7209167480469, v_loss 313.2580261230469
INFO:root:Episode 208, total_loss: 930.6767578125, q_loss 572.8104248046875, v_loss 357.8663024902344
INFO:root:Episode 209, total_loss: 1270.1099853515625, q_loss 890.082275390625, v_loss 380.0277404785156
INFO:root:Episode 210, total_loss: 1033.147705078125, q_loss 529.9365844726562, v_loss 503.2111511230469
INFO:root:Episode 211, total_loss: 980.4104614257812, q_loss 529.6595458984375, v_loss 450.75091552734375
INFO:root:Episode 212, total_loss: 1870.702392578125, q_loss 1393.90576171875, v_loss 476.79669189453125
INFO:root:Episode 213, total_loss: 1923.677978515625, q_loss 1629.520751953125, v_loss 294.1572570800781
INFO:root:Episode 214, total_loss: 1070.677001953125, q_loss 561.3904418945312, v_loss 509.2864990234375
INFO:root:Episode 215, total_loss: 724.7506103515625, q_loss 442.72796630859375, v_loss 282.0226135253906
INFO:root:Episode 216, total_loss: 300.3206787109375, q_loss 162.6900177001953, v_loss 137.63067626953125
INFO:root:Episode 217, total_loss: 914.7396850585938, q_loss 451.6545104980469, v_loss 463.0851745605469
INFO:root:Episode 218, total_loss: 971.3994140625, q_loss 495.1806640625, v_loss 476.21875
INFO:root:Episode 219, total_loss: 2699.28466796875, q_loss 2128.892578125, v_loss 570.39208984375
INFO:root:Episode 220, total_loss: 781.4928588867188, q_loss 438.2872619628906, v_loss 343.2055969238281
INFO:root:Episode 221, total_loss: 1334.9569091796875, q_loss 842.92822265625, v_loss 492.0286865234375
INFO:root:Episode 222, total_loss: 2670.1708984375, q_loss 2219.833740234375, v_loss 450.3371887207031
INFO:root:Episode 223, total_loss: 1335.4482421875, q_loss 1074.3519287109375, v_loss 261.0963439941406
INFO:root:Episode 224, total_loss: 615.7581176757812, q_loss 317.6437072753906, v_loss 298.1144104003906
INFO:root:Episode 225, total_loss: 882.3450317382812, q_loss 547.6552124023438, v_loss 334.6898193359375
INFO:root:Episode 226, total_loss: 524.5952758789062, q_loss 309.708251953125, v_loss 214.88702392578125
INFO:root:Episode 227, total_loss: 1042.2515869140625, q_loss 563.6148681640625, v_loss 478.6367492675781
INFO:root:Episode 228, total_loss: 530.880859375, q_loss 288.74755859375, v_loss 242.13328552246094
INFO:root:Episode 229, total_loss: 1406.6583251953125, q_loss 1016.4107666015625, v_loss 390.24755859375
INFO:root:Episode 230, total_loss: 2973.47314453125, q_loss 2720.552490234375, v_loss 252.92063903808594
INFO:root:Episode 231, total_loss: 1407.6328125, q_loss 882.9601440429688, v_loss 524.6727294921875
INFO:root:Episode 232, total_loss: 899.6837158203125, q_loss 401.62713623046875, v_loss 498.0566101074219
INFO:root:Episode 233, total_loss: 703.8470458984375, q_loss 398.3126525878906, v_loss 305.53436279296875
INFO:root:Episode 234, total_loss: 743.4554443359375, q_loss 367.8995666503906, v_loss 375.5558776855469
INFO:root:Episode 235, total_loss: 824.4638061523438, q_loss 544.8090209960938, v_loss 279.65478515625
INFO:root:Episode 236, total_loss: 581.215087890625, q_loss 309.6736755371094, v_loss 271.5414123535156
INFO:root:Episode 237, total_loss: 714.0152587890625, q_loss 414.1767578125, v_loss 299.8385009765625
INFO:root:Episode 238, total_loss: 1123.0592041015625, q_loss 621.8514404296875, v_loss 501.207763671875
INFO:root:Episode 239, total_loss: 640.56201171875, q_loss 322.17352294921875, v_loss 318.38848876953125
INFO:root:Episode 240, total_loss: 834.3309936523438, q_loss 525.1863403320312, v_loss 309.1446533203125
INFO:root:Episode 241, total_loss: 827.6903076171875, q_loss 406.3778076171875, v_loss 421.3124694824219
INFO:root:Episode 242, total_loss: 2242.3251953125, q_loss 1858.418701171875, v_loss 383.9065856933594
INFO:root:Episode 243, total_loss: 1756.952392578125, q_loss 1337.468017578125, v_loss 419.484375
INFO:root:Episode 244, total_loss: 510.5049133300781, q_loss 301.7613220214844, v_loss 208.74359130859375
INFO:root:Episode 245, total_loss: 883.1838989257812, q_loss 468.6031799316406, v_loss 414.5807189941406
INFO:root:Episode 246, total_loss: 605.2806396484375, q_loss 303.195556640625, v_loss 302.0850830078125
INFO:root:Episode 247, total_loss: 591.6143798828125, q_loss 328.1867370605469, v_loss 263.4276123046875
INFO:root:Episode 248, total_loss: 858.776611328125, q_loss 419.7978210449219, v_loss 438.97882080078125
INFO:root:Episode 249, total_loss: 2790.2197265625, q_loss 2284.830078125, v_loss 505.3896179199219
INFO:root:Episode 250, total_loss: 633.125244140625, q_loss 353.37200927734375, v_loss 279.75323486328125
INFO:root:Episode 251, total_loss: 730.958984375, q_loss 406.7478942871094, v_loss 324.21112060546875
INFO:root:Episode 252, total_loss: 694.693359375, q_loss 373.38140869140625, v_loss 321.31195068359375
INFO:root:Episode 253, total_loss: 964.13427734375, q_loss 586.7678833007812, v_loss 377.3663635253906
INFO:root:Episode 254, total_loss: 2068.574951171875, q_loss 1256.2099609375, v_loss 812.3649291992188
INFO:root:Episode 255, total_loss: 1290.52001953125, q_loss 661.7898559570312, v_loss 628.7301025390625
INFO:root:Episode 256, total_loss: 894.1231689453125, q_loss 629.8541870117188, v_loss 264.2689514160156
INFO:root:Episode 257, total_loss: 807.5164184570312, q_loss 553.5865478515625, v_loss 253.9298553466797
INFO:root:Episode 258, total_loss: 746.2891845703125, q_loss 393.6443176269531, v_loss 352.64483642578125
INFO:root:Episode 259, total_loss: 685.5540771484375, q_loss 350.6847229003906, v_loss 334.869384765625
INFO:root:Episode 260, total_loss: 1713.58935546875, q_loss 1131.17431640625, v_loss 582.4151000976562
INFO:root:Episode 261, total_loss: 771.8607177734375, q_loss 441.1361083984375, v_loss 330.724609375
INFO:root:Episode 262, total_loss: 673.4528198242188, q_loss 382.5875244140625, v_loss 290.86529541015625
INFO:root:Episode 263, total_loss: 562.058837890625, q_loss 322.0020751953125, v_loss 240.05674743652344
INFO:root:Episode 264, total_loss: 2595.42236328125, q_loss 2156.784423828125, v_loss 438.637939453125
INFO:root:Episode 265, total_loss: 585.5501098632812, q_loss 287.45196533203125, v_loss 298.09814453125
INFO:root:Episode 266, total_loss: 1886.200439453125, q_loss 1487.4263916015625, v_loss 398.7740173339844
INFO:root:Episode 267, total_loss: 655.4764404296875, q_loss 390.2803955078125, v_loss 265.1960754394531
INFO:root:Episode 268, total_loss: 759.4837036132812, q_loss 455.1346435546875, v_loss 304.34906005859375
INFO:root:Episode 269, total_loss: 535.893798828125, q_loss 288.9528503417969, v_loss 246.94093322753906
INFO:root:Episode 270, total_loss: 2680.63720703125, q_loss 2308.163818359375, v_loss 372.4735107421875
INFO:root:Episode 271, total_loss: 1266.28662109375, q_loss 1015.5319213867188, v_loss 250.7547607421875
INFO:root:Episode 272, total_loss: 668.4727783203125, q_loss 323.34521484375, v_loss 345.1275939941406
INFO:root:Episode 273, total_loss: 798.99755859375, q_loss 559.7787475585938, v_loss 239.2187957763672
INFO:root:Episode 274, total_loss: 1329.6221923828125, q_loss 885.210205078125, v_loss 444.4119567871094
INFO:root:Episode 275, total_loss: 834.9649658203125, q_loss 464.06060791015625, v_loss 370.9043884277344
INFO:root:Episode 276, total_loss: 748.6300048828125, q_loss 365.41680908203125, v_loss 383.2131652832031
INFO:root:Episode 277, total_loss: 1242.343994140625, q_loss 939.2196655273438, v_loss 303.1242980957031
INFO:root:Episode 278, total_loss: 811.08447265625, q_loss 509.7120666503906, v_loss 301.3724365234375
INFO:root:Episode 279, total_loss: 683.8400268554688, q_loss 332.8268737792969, v_loss 351.0131530761719
INFO:root:Episode 280, total_loss: 833.1446533203125, q_loss 406.8185729980469, v_loss 426.3260498046875
INFO:root:Episode 281, total_loss: 2068.556884765625, q_loss 1666.74365234375, v_loss 401.8131408691406
INFO:root:Episode 282, total_loss: 785.5477294921875, q_loss 503.3445739746094, v_loss 282.20318603515625
INFO:root:Episode 283, total_loss: 638.6040649414062, q_loss 271.4064636230469, v_loss 367.1976013183594
INFO:root:Episode 284, total_loss: 628.331787109375, q_loss 368.281982421875, v_loss 260.0498352050781
INFO:root:Episode 285, total_loss: 4822.25244140625, q_loss 4611.4677734375, v_loss 210.7846221923828
INFO:root:Episode 286, total_loss: 1715.864501953125, q_loss 1349.9981689453125, v_loss 365.8663635253906
INFO:root:Episode 287, total_loss: 1036.43408203125, q_loss 708.9081420898438, v_loss 327.5259094238281
INFO:root:Episode 288, total_loss: 3129.861083984375, q_loss 2719.681640625, v_loss 410.1794128417969
INFO:root:Episode 289, total_loss: 852.3744506835938, q_loss 509.36474609375, v_loss 343.00970458984375
INFO:root:Episode 290, total_loss: 1204.289794921875, q_loss 853.1121215820312, v_loss 351.1777038574219
INFO:root:Episode 291, total_loss: 785.2064819335938, q_loss 485.0449523925781, v_loss 300.1615295410156
INFO:root:Episode 292, total_loss: 840.00146484375, q_loss 596.8715209960938, v_loss 243.12997436523438
INFO:root:Episode 293, total_loss: 1313.1722412109375, q_loss 1101.9725341796875, v_loss 211.19969177246094
INFO:root:Episode 294, total_loss: 2192.360107421875, q_loss 1837.5615234375, v_loss 354.79864501953125
INFO:root:Episode 295, total_loss: 1294.578857421875, q_loss 935.5836791992188, v_loss 358.9952392578125
INFO:root:Episode 296, total_loss: 655.4696044921875, q_loss 358.44964599609375, v_loss 297.0199279785156
INFO:root:Episode 297, total_loss: 1023.3099365234375, q_loss 690.030517578125, v_loss 333.2794494628906
INFO:root:Episode 298, total_loss: 988.8809814453125, q_loss 537.240478515625, v_loss 451.6405334472656
INFO:root:Episode 299, total_loss: 1766.55126953125, q_loss 1421.69140625, v_loss 344.85980224609375
INFO:root:Episode 300, total_loss: 1026.45458984375, q_loss 550.9518432617188, v_loss 475.502685546875
INFO:root:Episode 301, total_loss: 727.0293579101562, q_loss 399.1115417480469, v_loss 327.9178161621094
INFO:root:Episode 302, total_loss: 806.733154296875, q_loss 404.19573974609375, v_loss 402.5374450683594
INFO:root:Episode 303, total_loss: 638.27001953125, q_loss 335.2359924316406, v_loss 303.03399658203125
INFO:root:Episode 304, total_loss: 3305.1220703125, q_loss 2971.413818359375, v_loss 333.7081298828125
INFO:root:Episode 305, total_loss: 761.023193359375, q_loss 490.3572998046875, v_loss 270.6658630371094
INFO:root:Episode 306, total_loss: 585.4783935546875, q_loss 321.28497314453125, v_loss 264.1933898925781
INFO:root:Episode 307, total_loss: 610.0111083984375, q_loss 363.3155212402344, v_loss 246.6956024169922
INFO:root:Episode 308, total_loss: 514.24560546875, q_loss 257.982421875, v_loss 256.2632141113281
INFO:root:Episode 309, total_loss: 2496.60986328125, q_loss 2098.522216796875, v_loss 398.0876159667969
INFO:root:Episode 310, total_loss: 3648.28759765625, q_loss 3275.11376953125, v_loss 373.1737976074219
INFO:root:Episode 311, total_loss: 2401.1962890625, q_loss 1962.021240234375, v_loss 439.175048828125
INFO:root:Episode 312, total_loss: 521.3087158203125, q_loss 288.1546936035156, v_loss 233.15402221679688
INFO:root:Episode 313, total_loss: 528.3243408203125, q_loss 287.16546630859375, v_loss 241.1588897705078
INFO:root:Episode 314, total_loss: 888.9364013671875, q_loss 419.2145690917969, v_loss 469.7218322753906
INFO:root:Episode 315, total_loss: 838.0670166015625, q_loss 611.1756591796875, v_loss 226.891357421875
INFO:root:Episode 316, total_loss: 721.9733276367188, q_loss 400.6462097167969, v_loss 321.3271179199219
INFO:root:Episode 317, total_loss: 728.8033447265625, q_loss 375.03997802734375, v_loss 353.7633361816406
INFO:root:Episode 318, total_loss: 835.391357421875, q_loss 419.4027099609375, v_loss 415.9886169433594
INFO:root:Episode 319, total_loss: 911.2781982421875, q_loss 621.0632934570312, v_loss 290.2148742675781
INFO:root:Episode 320, total_loss: 626.4514770507812, q_loss 305.360595703125, v_loss 321.09088134765625
INFO:root:Episode 321, total_loss: 700.7867431640625, q_loss 340.6698913574219, v_loss 360.1168212890625
INFO:root:Episode 322, total_loss: 431.5159912109375, q_loss 198.91848754882812, v_loss 232.5974884033203
INFO:root:Episode 323, total_loss: 3062.793701171875, q_loss 2831.272705078125, v_loss 231.5209197998047
INFO:root:Episode 324, total_loss: 748.4945678710938, q_loss 396.8639221191406, v_loss 351.6306457519531
INFO:root:Episode 325, total_loss: 640.714599609375, q_loss 381.3626403808594, v_loss 259.35198974609375
INFO:root:Episode 326, total_loss: 1401.5360107421875, q_loss 990.56689453125, v_loss 410.9690856933594
INFO:root:Episode 327, total_loss: 438.076171875, q_loss 232.57656860351562, v_loss 205.4995880126953
INFO:root:Episode 328, total_loss: 4388.66064453125, q_loss 4056.3408203125, v_loss 332.31988525390625
INFO:root:Episode 329, total_loss: 438.73193359375, q_loss 267.5999450683594, v_loss 171.13198852539062
INFO:root:Episode 330, total_loss: 790.8282470703125, q_loss 440.0034484863281, v_loss 350.8247985839844
INFO:root:Episode 331, total_loss: 578.8521728515625, q_loss 278.3905334472656, v_loss 300.461669921875
INFO:root:Episode 332, total_loss: 464.0281982421875, q_loss 244.0982666015625, v_loss 219.92994689941406
INFO:root:Episode 333, total_loss: 762.0582275390625, q_loss 379.662353515625, v_loss 382.3958435058594
INFO:root:Episode 334, total_loss: 446.88189697265625, q_loss 263.85968017578125, v_loss 183.02223205566406
INFO:root:Episode 335, total_loss: 1133.108642578125, q_loss 793.3849487304688, v_loss 339.7236328125
INFO:root:Episode 336, total_loss: 7695.38232421875, q_loss 7461.130859375, v_loss 234.25135803222656
INFO:root:Episode 337, total_loss: 677.059814453125, q_loss 386.5538635253906, v_loss 290.50592041015625
INFO:root:Episode 338, total_loss: 430.03619384765625, q_loss 238.24530029296875, v_loss 191.79090881347656
INFO:root:Episode 339, total_loss: 694.5839233398438, q_loss 396.760498046875, v_loss 297.82342529296875
INFO:root:Episode 340, total_loss: 2919.48486328125, q_loss 2700.638671875, v_loss 218.84608459472656
INFO:root:Episode 341, total_loss: 1431.998779296875, q_loss 1114.453369140625, v_loss 317.5454406738281
INFO:root:Episode 342, total_loss: 1163.807861328125, q_loss 823.8778076171875, v_loss 339.93011474609375
INFO:root:Episode 343, total_loss: 967.6139526367188, q_loss 530.26416015625, v_loss 437.34979248046875
INFO:root:Episode 344, total_loss: 4987.8369140625, q_loss 4667.88330078125, v_loss 319.9537048339844
INFO:root:Episode 345, total_loss: 1214.91748046875, q_loss 849.672119140625, v_loss 365.24530029296875
INFO:root:Episode 346, total_loss: 571.821533203125, q_loss 331.5328063964844, v_loss 240.2886962890625
INFO:root:Episode 347, total_loss: 809.2753295898438, q_loss 464.9384765625, v_loss 344.33685302734375
INFO:root:Episode 348, total_loss: 2981.06201171875, q_loss 2684.354248046875, v_loss 296.70782470703125
INFO:root:Episode 349, total_loss: 631.7469482421875, q_loss 363.8817443847656, v_loss 267.865234375
INFO:root:Episode 350, total_loss: 629.041748046875, q_loss 303.558837890625, v_loss 325.48291015625
INFO:root:Episode 351, total_loss: 758.2596435546875, q_loss 355.7347717285156, v_loss 402.5248718261719
INFO:root:Episode 352, total_loss: 828.474853515625, q_loss 479.6604309082031, v_loss 348.81439208984375
INFO:root:Episode 353, total_loss: 3142.749755859375, q_loss 2796.208740234375, v_loss 346.5410461425781
INFO:root:Episode 354, total_loss: 1192.390625, q_loss 908.3894653320312, v_loss 284.001220703125
INFO:root:Episode 355, total_loss: 1994.9151611328125, q_loss 1736.0487060546875, v_loss 258.8664855957031
INFO:root:Episode 356, total_loss: 1730.071533203125, q_loss 1457.604736328125, v_loss 272.466796875
INFO:root:Episode 357, total_loss: 1667.025390625, q_loss 1356.8619384765625, v_loss 310.1634826660156
INFO:root:Episode 358, total_loss: 454.5877990722656, q_loss 271.2469177246094, v_loss 183.34088134765625
INFO:root:Episode 359, total_loss: 562.4224853515625, q_loss 288.5018615722656, v_loss 273.9206237792969
INFO:root:Episode 360, total_loss: 622.226318359375, q_loss 310.6884460449219, v_loss 311.5378723144531
INFO:root:Episode 361, total_loss: 278.796875, q_loss 169.7921905517578, v_loss 109.00467681884766
INFO:root:Episode 362, total_loss: 522.1805419921875, q_loss 301.057861328125, v_loss 221.12265014648438
INFO:root:Episode 363, total_loss: 1711.7060546875, q_loss 1451.357666015625, v_loss 260.34844970703125
INFO:root:Episode 364, total_loss: 1781.7862548828125, q_loss 1515.657958984375, v_loss 266.1282653808594
INFO:root:Episode 365, total_loss: 4002.74462890625, q_loss 3685.230224609375, v_loss 317.5143737792969
INFO:root:Episode 366, total_loss: 1320.52001953125, q_loss 1032.5194091796875, v_loss 288.00067138671875
INFO:root:Episode 367, total_loss: 1525.5328369140625, q_loss 1322.273193359375, v_loss 203.25967407226562
INFO:root:Episode 368, total_loss: 470.53021240234375, q_loss 259.40887451171875, v_loss 211.12132263183594
INFO:root:Episode 369, total_loss: 716.3656005859375, q_loss 417.7759094238281, v_loss 298.5897216796875
INFO:root:Episode 370, total_loss: 692.5703125, q_loss 342.2008972167969, v_loss 350.36944580078125
INFO:root:Episode 371, total_loss: 710.653076171875, q_loss 357.2197265625, v_loss 353.433349609375
INFO:root:Episode 372, total_loss: 531.9697265625, q_loss 260.3313293457031, v_loss 271.6383972167969
INFO:root:Episode 373, total_loss: 2145.645263671875, q_loss 1759.371826171875, v_loss 386.2734069824219
INFO:root:Episode 374, total_loss: 622.07763671875, q_loss 301.978515625, v_loss 320.0991516113281
INFO:root:Episode 375, total_loss: 527.9871215820312, q_loss 279.0802307128906, v_loss 248.90687561035156
INFO:root:Episode 376, total_loss: 490.07269287109375, q_loss 284.1641540527344, v_loss 205.90855407714844
INFO:root:Episode 377, total_loss: 527.0135498046875, q_loss 254.02017211914062, v_loss 272.99334716796875
INFO:root:Episode 378, total_loss: 466.32574462890625, q_loss 269.4859924316406, v_loss 196.83973693847656
INFO:root:Episode 379, total_loss: 410.491943359375, q_loss 214.75198364257812, v_loss 195.73995971679688
INFO:root:Episode 380, total_loss: 775.474853515625, q_loss 352.01788330078125, v_loss 423.4569396972656
INFO:root:Episode 381, total_loss: 1305.5224609375, q_loss 971.4292602539062, v_loss 334.09320068359375
INFO:root:Episode 382, total_loss: 353.6349182128906, q_loss 199.0116729736328, v_loss 154.6232452392578
INFO:root:Episode 383, total_loss: 553.4602661132812, q_loss 292.1624450683594, v_loss 261.2978210449219
INFO:root:Episode 384, total_loss: 753.4381103515625, q_loss 485.709716796875, v_loss 267.7284240722656
INFO:root:Episode 385, total_loss: 651.8220825195312, q_loss 413.117431640625, v_loss 238.70465087890625
INFO:root:Episode 386, total_loss: 1289.139892578125, q_loss 1092.2296142578125, v_loss 196.91033935546875
INFO:root:Episode 387, total_loss: 497.0718994140625, q_loss 256.9909973144531, v_loss 240.0808868408203
INFO:root:Episode 388, total_loss: 626.4140014648438, q_loss 349.3686828613281, v_loss 277.0453186035156
INFO:root:Episode 389, total_loss: 583.7499389648438, q_loss 326.7903747558594, v_loss 256.9595642089844
INFO:root:Episode 390, total_loss: 2098.541748046875, q_loss 1827.2303466796875, v_loss 271.3114318847656
INFO:root:Episode 391, total_loss: 2309.089111328125, q_loss 1616.9178466796875, v_loss 692.1712036132812
INFO:root:Episode 392, total_loss: 743.77392578125, q_loss 427.8076477050781, v_loss 315.9662780761719
INFO:root:Episode 393, total_loss: 1039.8458251953125, q_loss 777.3963012695312, v_loss 262.4494934082031
INFO:root:Episode 394, total_loss: 727.012939453125, q_loss 406.33380126953125, v_loss 320.6791687011719
INFO:root:Episode 395, total_loss: 535.0670166015625, q_loss 278.4218444824219, v_loss 256.64520263671875
INFO:root:Episode 396, total_loss: 312.70062255859375, q_loss 176.415283203125, v_loss 136.28533935546875
INFO:root:Episode 397, total_loss: 425.1036071777344, q_loss 203.08750915527344, v_loss 222.01609802246094
INFO:root:Episode 398, total_loss: 486.16534423828125, q_loss 255.65245056152344, v_loss 230.51287841796875
INFO:root:Episode 399, total_loss: 556.9859619140625, q_loss 280.4246520996094, v_loss 276.5613098144531
INFO:root:Episode 400, total_loss: 717.324951171875, q_loss 388.24652099609375, v_loss 329.0783996582031
INFO:root:Episode 401, total_loss: 573.7899780273438, q_loss 296.44586181640625, v_loss 277.3441162109375
INFO:root:Episode 402, total_loss: 1443.923583984375, q_loss 1184.0145263671875, v_loss 259.90899658203125
INFO:root:Episode 0, total_loss: 183588.96875, q_loss 170979.984375, v_loss 12608.986328125
INFO:root:Episode 1, total_loss: 79382.7421875, q_loss 61655.98046875, v_loss 17726.763671875
INFO:root:Episode 2, total_loss: 62630.1796875, q_loss 58433.68359375, v_loss 4196.49755859375
INFO:root:Episode 3, total_loss: 28087.896484375, q_loss 22026.66796875, v_loss 6061.22900390625
INFO:root:Episode 4, total_loss: 40114.99609375, q_loss 27692.326171875, v_loss 12422.6689453125
INFO:root:Episode 5, total_loss: 141792.453125, q_loss 42154.30078125, v_loss 99638.1484375
INFO:root:Episode 6, total_loss: 38839.85546875, q_loss 30315.91015625, v_loss 8523.9462890625
INFO:root:Episode 7, total_loss: 70450.28125, q_loss 55645.171875, v_loss 14805.11328125
INFO:root:Episode 8, total_loss: 17073.94921875, q_loss 12776.76953125, v_loss 4297.1796875
INFO:root:Episode 9, total_loss: 6539.654296875, q_loss 4070.060302734375, v_loss 2469.593994140625
INFO:root:Episode 10, total_loss: 38875.75390625, q_loss 18801.458984375, v_loss 20074.294921875
INFO:root:Episode 11, total_loss: 17457.58203125, q_loss 9368.04296875, v_loss 8089.5390625
INFO:root:Episode 12, total_loss: 20413.412109375, q_loss 13303.845703125, v_loss 7109.56640625
INFO:root:Episode 13, total_loss: 9831.6943359375, q_loss 6011.09912109375, v_loss 3820.595458984375
INFO:root:Episode 14, total_loss: 8540.783203125, q_loss 6326.21728515625, v_loss 2214.5654296875
INFO:root:Episode 15, total_loss: 7148.63232421875, q_loss 4291.8271484375, v_loss 2856.80517578125
INFO:root:Episode 16, total_loss: 5095.9814453125, q_loss 3099.091552734375, v_loss 1996.8897705078125
INFO:root:Episode 17, total_loss: 7575.357421875, q_loss 4589.00146484375, v_loss 2986.356201171875
INFO:root:Episode 18, total_loss: 8812.619140625, q_loss 3796.814697265625, v_loss 5015.8046875
INFO:root:Episode 19, total_loss: 10309.958984375, q_loss 7428.60546875, v_loss 2881.353515625
INFO:root:Episode 20, total_loss: 5160.54296875, q_loss 3244.895751953125, v_loss 1915.6474609375
INFO:root:Episode 21, total_loss: 13485.41015625, q_loss 11128.7412109375, v_loss 2356.6689453125
INFO:root:Episode 22, total_loss: 8030.6865234375, q_loss 6069.10009765625, v_loss 1961.58642578125
INFO:root:Episode 23, total_loss: 11103.98828125, q_loss 8058.2412109375, v_loss 3045.7470703125
INFO:root:Episode 24, total_loss: 6438.19921875, q_loss 4850.32763671875, v_loss 1587.871826171875
INFO:root:Episode 25, total_loss: 3935.236328125, q_loss 2762.61767578125, v_loss 1172.6187744140625
INFO:root:Episode 26, total_loss: 7127.8779296875, q_loss 4908.54541015625, v_loss 2219.33251953125
INFO:root:Episode 27, total_loss: 11112.830078125, q_loss 6784.22998046875, v_loss 4328.60009765625
INFO:root:Episode 28, total_loss: 3767.2109375, q_loss 2132.9052734375, v_loss 1634.3057861328125
INFO:root:Episode 29, total_loss: 4435.2236328125, q_loss 3106.202880859375, v_loss 1329.0206298828125
INFO:root:Episode 30, total_loss: 6949.41748046875, q_loss 5255.36181640625, v_loss 1694.0556640625
INFO:root:Episode 31, total_loss: 8920.56640625, q_loss 7792.4326171875, v_loss 1128.133544921875
INFO:root:Episode 32, total_loss: 6473.23291015625, q_loss 4721.17919921875, v_loss 1752.0535888671875
INFO:root:Episode 33, total_loss: 7131.19921875, q_loss 5640.53173828125, v_loss 1490.66748046875
INFO:root:Episode 34, total_loss: 2790.276611328125, q_loss 1694.8958740234375, v_loss 1095.3807373046875
INFO:root:Episode 35, total_loss: 3569.7578125, q_loss 2262.470703125, v_loss 1307.2872314453125
INFO:root:Episode 36, total_loss: 5495.7431640625, q_loss 4493.94140625, v_loss 1001.8018188476562
INFO:root:Episode 37, total_loss: 4098.779296875, q_loss 2581.282958984375, v_loss 1517.49658203125
INFO:root:Episode 38, total_loss: 10183.501953125, q_loss 7465.57958984375, v_loss 2717.922607421875
INFO:root:Episode 39, total_loss: 6688.0546875, q_loss 5233.248046875, v_loss 1454.8065185546875
INFO:root:Episode 40, total_loss: 9552.05078125, q_loss 7500.6064453125, v_loss 2051.444580078125
INFO:root:Episode 41, total_loss: 6437.6845703125, q_loss 4358.34375, v_loss 2079.3408203125
INFO:root:Episode 42, total_loss: 3724.43310546875, q_loss 1936.558837890625, v_loss 1787.8741455078125
INFO:root:Episode 43, total_loss: 3075.317626953125, q_loss 1821.752197265625, v_loss 1253.5654296875
INFO:root:Episode 44, total_loss: 3097.09130859375, q_loss 2289.08447265625, v_loss 808.0068969726562
INFO:root:Episode 45, total_loss: 6662.2431640625, q_loss 4334.51904296875, v_loss 2327.723876953125
INFO:root:Episode 46, total_loss: 4175.08154296875, q_loss 2561.773193359375, v_loss 1613.308349609375
INFO:root:Episode 47, total_loss: 3455.172607421875, q_loss 2791.619384765625, v_loss 663.55322265625
INFO:root:Episode 48, total_loss: 4224.02099609375, q_loss 2963.224853515625, v_loss 1260.7962646484375
INFO:root:Episode 49, total_loss: 2443.22998046875, q_loss 1484.291259765625, v_loss 958.9387817382812
INFO:root:Episode 50, total_loss: 2698.156005859375, q_loss 1692.3690185546875, v_loss 1005.7870483398438
INFO:root:Episode 51, total_loss: 2658.470703125, q_loss 1640.3336181640625, v_loss 1018.13720703125
INFO:root:Episode 52, total_loss: 2829.695068359375, q_loss 1752.6187744140625, v_loss 1077.0762939453125
INFO:root:Episode 53, total_loss: 4872.08544921875, q_loss 3914.093994140625, v_loss 957.9913940429688
INFO:root:Episode 54, total_loss: 2559.855712890625, q_loss 1753.5323486328125, v_loss 806.3233032226562
INFO:root:Episode 55, total_loss: 2741.166748046875, q_loss 1848.6439208984375, v_loss 892.5228881835938
INFO:root:Episode 56, total_loss: 3299.50830078125, q_loss 2474.53369140625, v_loss 824.974609375
INFO:root:Episode 57, total_loss: 1979.318603515625, q_loss 1153.115966796875, v_loss 826.20263671875
INFO:root:Episode 58, total_loss: 2619.59912109375, q_loss 1512.1043701171875, v_loss 1107.494873046875
INFO:root:Episode 59, total_loss: 6160.978515625, q_loss 5655.2109375, v_loss 505.7674865722656
INFO:root:Episode 60, total_loss: 2812.6015625, q_loss 1446.352783203125, v_loss 1366.2489013671875
INFO:root:Episode 61, total_loss: 6354.36572265625, q_loss 4962.43701171875, v_loss 1391.9285888671875
INFO:root:Episode 62, total_loss: 3140.89306640625, q_loss 2303.236083984375, v_loss 837.6568603515625
INFO:root:Episode 63, total_loss: 1681.7298583984375, q_loss 846.609375, v_loss 835.1204833984375
INFO:root:Episode 64, total_loss: 2037.549560546875, q_loss 1252.614013671875, v_loss 784.9356079101562
INFO:root:Episode 65, total_loss: 11332.80078125, q_loss 10289.6630859375, v_loss 1043.13720703125
INFO:root:Episode 66, total_loss: 3245.75927734375, q_loss 2027.126220703125, v_loss 1218.6331787109375
INFO:root:Episode 67, total_loss: 2703.9111328125, q_loss 1784.8135986328125, v_loss 919.097412109375
INFO:root:Episode 68, total_loss: 5145.0693359375, q_loss 3226.207275390625, v_loss 1918.86181640625
INFO:root:Episode 69, total_loss: 8425.2802734375, q_loss 5453.12939453125, v_loss 2972.15087890625
INFO:root:Episode 70, total_loss: 1552.6556396484375, q_loss 870.9396362304688, v_loss 681.7160034179688
INFO:root:Episode 71, total_loss: 4750.9384765625, q_loss 3058.912841796875, v_loss 1692.025634765625
INFO:root:Episode 72, total_loss: 2947.1982421875, q_loss 1779.953125, v_loss 1167.2449951171875
INFO:root:Episode 73, total_loss: 4114.01708984375, q_loss 3456.603271484375, v_loss 657.413818359375
INFO:root:Episode 74, total_loss: 8202.8173828125, q_loss 8034.96826171875, v_loss 167.84893798828125
INFO:root:Episode 75, total_loss: 2070.91259765625, q_loss 1289.123291015625, v_loss 781.789306640625
INFO:root:Episode 76, total_loss: 2177.74609375, q_loss 1153.2490234375, v_loss 1024.4969482421875
INFO:root:Episode 77, total_loss: 1963.4072265625, q_loss 1114.5205078125, v_loss 848.8866577148438
INFO:root:Episode 78, total_loss: 3224.060302734375, q_loss 2277.411376953125, v_loss 946.6489868164062
INFO:root:Episode 79, total_loss: 3915.89501953125, q_loss 3158.109375, v_loss 757.7855224609375
INFO:root:Episode 80, total_loss: 5047.6728515625, q_loss 4330.37060546875, v_loss 717.3020629882812
INFO:root:Episode 81, total_loss: 3192.92578125, q_loss 2246.304443359375, v_loss 946.6214599609375
INFO:root:Episode 82, total_loss: 4864.7783203125, q_loss 3947.4658203125, v_loss 917.3125610351562
INFO:root:Episode 83, total_loss: 2130.790283203125, q_loss 1150.7279052734375, v_loss 980.0623168945312
INFO:root:Episode 84, total_loss: 1713.440185546875, q_loss 1064.3472900390625, v_loss 649.0929565429688
INFO:root:Episode 85, total_loss: 1551.1143798828125, q_loss 864.40771484375, v_loss 686.7066650390625
INFO:root:Episode 86, total_loss: 2232.27099609375, q_loss 1417.792724609375, v_loss 814.4783325195312
INFO:root:Episode 87, total_loss: 2319.404296875, q_loss 1455.76904296875, v_loss 863.6351928710938
INFO:root:Episode 88, total_loss: 2453.81396484375, q_loss 1471.48193359375, v_loss 982.3320922851562
INFO:root:Episode 89, total_loss: 6338.453125, q_loss 5377.39990234375, v_loss 961.0533447265625
INFO:root:Episode 90, total_loss: 5462.4189453125, q_loss 4317.8603515625, v_loss 1144.5584716796875
INFO:root:Episode 91, total_loss: 4353.4921875, q_loss 3956.91796875, v_loss 396.57415771484375
INFO:root:Episode 92, total_loss: 2865.2802734375, q_loss 2108.126220703125, v_loss 757.1539916992188
INFO:root:Episode 93, total_loss: 2822.92919921875, q_loss 1838.90625, v_loss 984.0230712890625
INFO:root:Episode 94, total_loss: 3205.997802734375, q_loss 1742.2652587890625, v_loss 1463.7325439453125
INFO:root:Episode 95, total_loss: 3841.65576171875, q_loss 2378.98876953125, v_loss 1462.6668701171875
INFO:root:Episode 96, total_loss: 3387.612548828125, q_loss 2887.63916015625, v_loss 499.9733581542969
INFO:root:Episode 97, total_loss: 3256.16162109375, q_loss 1919.5675048828125, v_loss 1336.59423828125
INFO:root:Episode 98, total_loss: 2359.623779296875, q_loss 1590.935791015625, v_loss 768.68798828125
INFO:root:Episode 99, total_loss: 5354.0537109375, q_loss 3734.706298828125, v_loss 1619.3472900390625
INFO:root:Episode 100, total_loss: 2052.3486328125, q_loss 1324.191650390625, v_loss 728.156982421875
INFO:root:Episode 101, total_loss: 2337.8564453125, q_loss 1469.3701171875, v_loss 868.486328125
INFO:root:Episode 102, total_loss: 2975.404296875, q_loss 2075.3134765625, v_loss 900.0908203125
INFO:root:Episode 103, total_loss: 5766.8671875, q_loss 5116.0048828125, v_loss 650.8621826171875
INFO:root:Episode 104, total_loss: 2107.400390625, q_loss 1311.7554931640625, v_loss 795.6448974609375
INFO:root:Episode 105, total_loss: 2228.69921875, q_loss 1146.5745849609375, v_loss 1082.12451171875
INFO:root:Episode 106, total_loss: 3547.65869140625, q_loss 2241.21435546875, v_loss 1306.4442138671875
INFO:root:Episode 107, total_loss: 3557.99853515625, q_loss 2337.337158203125, v_loss 1220.6614990234375
INFO:root:Episode 108, total_loss: 1587.3251953125, q_loss 886.80029296875, v_loss 700.52490234375
INFO:root:Episode 109, total_loss: 4564.2626953125, q_loss 2706.15673828125, v_loss 1858.1058349609375
INFO:root:Episode 110, total_loss: 6348.33349609375, q_loss 5544.9990234375, v_loss 803.3345947265625
INFO:root:Episode 111, total_loss: 2232.372802734375, q_loss 1176.58642578125, v_loss 1055.786376953125
INFO:root:Episode 112, total_loss: 3761.812255859375, q_loss 3669.885986328125, v_loss 91.92630004882812
INFO:root:Episode 113, total_loss: 1620.7119140625, q_loss 1058.9105224609375, v_loss 561.8014526367188
INFO:root:Episode 114, total_loss: 4232.974609375, q_loss 3552.713623046875, v_loss 680.2611083984375
INFO:root:Episode 115, total_loss: 4326.8837890625, q_loss 3631.280517578125, v_loss 695.6030883789062
INFO:root:Episode 116, total_loss: 5321.2578125, q_loss 3564.4228515625, v_loss 1756.8349609375
INFO:root:Episode 117, total_loss: 1706.045166015625, q_loss 1106.9112548828125, v_loss 599.1339111328125
INFO:root:Episode 118, total_loss: 2686.455322265625, q_loss 2343.8857421875, v_loss 342.5696716308594
INFO:root:Episode 119, total_loss: 2025.45458984375, q_loss 1174.3887939453125, v_loss 851.0657958984375
INFO:root:Episode 120, total_loss: 4760.015625, q_loss 3847.702392578125, v_loss 912.3131103515625
INFO:root:Episode 121, total_loss: 8203.6552734375, q_loss 7382.84130859375, v_loss 820.813720703125
INFO:root:Episode 122, total_loss: 6368.7734375, q_loss 5523.11669921875, v_loss 845.6567993164062
INFO:root:Episode 123, total_loss: 2984.009033203125, q_loss 2232.906005859375, v_loss 751.1030883789062
INFO:root:Episode 124, total_loss: 2606.705078125, q_loss 1847.559814453125, v_loss 759.145263671875
INFO:root:Episode 125, total_loss: 1993.7568359375, q_loss 1350.0430908203125, v_loss 643.7138061523438
INFO:root:Episode 126, total_loss: 2281.005126953125, q_loss 1732.567626953125, v_loss 548.4375610351562
INFO:root:Episode 127, total_loss: 2420.50732421875, q_loss 1878.7279052734375, v_loss 541.779296875
INFO:root:Episode 128, total_loss: 3587.4423828125, q_loss 2891.453857421875, v_loss 695.988525390625
INFO:root:Episode 129, total_loss: 2338.7177734375, q_loss 1405.72509765625, v_loss 932.9927368164062
INFO:root:Episode 130, total_loss: 1561.5889892578125, q_loss 1053.5911865234375, v_loss 507.9978332519531
INFO:root:Episode 131, total_loss: 898.17333984375, q_loss 534.2023315429688, v_loss 363.9710388183594
INFO:root:Episode 132, total_loss: 1680.7471923828125, q_loss 865.3856811523438, v_loss 815.3615112304688
INFO:root:Episode 133, total_loss: 8824.62109375, q_loss 7877.1044921875, v_loss 947.5164794921875
INFO:root:Episode 134, total_loss: 1519.396728515625, q_loss 877.7152099609375, v_loss 641.6815185546875
INFO:root:Episode 135, total_loss: 2204.7763671875, q_loss 1434.1585693359375, v_loss 770.61767578125
INFO:root:Episode 136, total_loss: 2375.4384765625, q_loss 1356.85498046875, v_loss 1018.5833740234375
INFO:root:Episode 137, total_loss: 2309.874755859375, q_loss 1373.845947265625, v_loss 936.02880859375
INFO:root:Episode 138, total_loss: 1467.819580078125, q_loss 882.9801025390625, v_loss 584.8394165039062
INFO:root:Episode 139, total_loss: 2057.8134765625, q_loss 1047.5599365234375, v_loss 1010.25341796875
INFO:root:Episode 140, total_loss: 1592.5634765625, q_loss 954.0669555664062, v_loss 638.49658203125
INFO:root:Episode 141, total_loss: 2204.26025390625, q_loss 1553.514404296875, v_loss 650.7457885742188
INFO:root:Episode 142, total_loss: 5628.978515625, q_loss 4946.48046875, v_loss 682.498046875
INFO:root:Episode 143, total_loss: 1654.794677734375, q_loss 988.8258056640625, v_loss 665.9688720703125
INFO:root:Episode 144, total_loss: 1489.5579833984375, q_loss 725.0862426757812, v_loss 764.4717407226562
INFO:root:Episode 145, total_loss: 1438.2669677734375, q_loss 698.3970947265625, v_loss 739.869873046875
INFO:root:Episode 146, total_loss: 2573.140625, q_loss 1890.137451171875, v_loss 683.0032348632812
INFO:root:Episode 147, total_loss: 2169.826904296875, q_loss 1402.722412109375, v_loss 767.1044311523438
INFO:root:Episode 148, total_loss: 1668.991943359375, q_loss 990.9442138671875, v_loss 678.0477294921875
INFO:root:Episode 149, total_loss: 1717.78125, q_loss 977.68505859375, v_loss 740.0962524414062
INFO:root:Episode 150, total_loss: 2091.73291015625, q_loss 1543.4344482421875, v_loss 548.2984619140625
INFO:root:Episode 151, total_loss: 2065.995361328125, q_loss 1472.105224609375, v_loss 593.8900756835938
INFO:root:Episode 152, total_loss: 1038.9423828125, q_loss 568.6738891601562, v_loss 470.2685546875
INFO:root:Episode 153, total_loss: 1356.16064453125, q_loss 772.039306640625, v_loss 584.121337890625
INFO:root:Episode 154, total_loss: 1686.400390625, q_loss 1154.9251708984375, v_loss 531.4751586914062
INFO:root:Episode 155, total_loss: 2028.401611328125, q_loss 1237.57958984375, v_loss 790.8219604492188
INFO:root:Episode 156, total_loss: 652.066650390625, q_loss 389.3578186035156, v_loss 262.7088623046875
INFO:root:Episode 157, total_loss: 4089.267822265625, q_loss 3854.31689453125, v_loss 234.95103454589844
INFO:root:Episode 158, total_loss: 2621.446533203125, q_loss 1552.362548828125, v_loss 1069.083984375
INFO:root:Episode 159, total_loss: 3262.53125, q_loss 2597.093505859375, v_loss 665.437744140625
INFO:root:Episode 160, total_loss: 1588.2783203125, q_loss 928.1306762695312, v_loss 660.1476440429688
INFO:root:Episode 161, total_loss: 1663.801513671875, q_loss 1051.8121337890625, v_loss 611.9893798828125
INFO:root:Episode 162, total_loss: 1046.275634765625, q_loss 563.7098388671875, v_loss 482.5657653808594
INFO:root:Episode 163, total_loss: 3628.771240234375, q_loss 2665.6220703125, v_loss 963.1492309570312
INFO:root:Episode 164, total_loss: 1221.06103515625, q_loss 759.1875610351562, v_loss 461.87353515625
INFO:root:Episode 165, total_loss: 1593.114501953125, q_loss 1110.09375, v_loss 483.02069091796875
INFO:root:Episode 166, total_loss: 1258.380126953125, q_loss 845.67578125, v_loss 412.70440673828125
INFO:root:Episode 167, total_loss: 2123.306884765625, q_loss 1428.1583251953125, v_loss 695.1486206054688
INFO:root:Episode 168, total_loss: 2850.854736328125, q_loss 2423.28173828125, v_loss 427.5729064941406
INFO:root:Episode 169, total_loss: 1044.487060546875, q_loss 537.8150024414062, v_loss 506.6720275878906
INFO:root:Episode 170, total_loss: 1466.080322265625, q_loss 903.100341796875, v_loss 562.97998046875
INFO:root:Episode 171, total_loss: 2106.068115234375, q_loss 1478.82421875, v_loss 627.243896484375
INFO:root:Episode 172, total_loss: 3101.99169921875, q_loss 2844.719970703125, v_loss 257.2718505859375
INFO:root:Episode 173, total_loss: 6166.8701171875, q_loss 5560.7626953125, v_loss 606.1073608398438
INFO:root:Episode 174, total_loss: 1393.09619140625, q_loss 893.5172119140625, v_loss 499.57891845703125
INFO:root:Episode 175, total_loss: 999.56591796875, q_loss 615.0685424804688, v_loss 384.4974060058594
INFO:root:Episode 176, total_loss: 1966.45263671875, q_loss 1363.14794921875, v_loss 603.3046875
INFO:root:Episode 177, total_loss: 2899.060546875, q_loss 2087.462890625, v_loss 811.5977783203125
INFO:root:Episode 178, total_loss: 2344.2509765625, q_loss 1787.8328857421875, v_loss 556.418212890625
INFO:root:Episode 179, total_loss: 2609.525390625, q_loss 2049.95556640625, v_loss 559.56982421875
INFO:root:Episode 180, total_loss: 1792.4761962890625, q_loss 1004.426025390625, v_loss 788.0501708984375
INFO:root:Episode 181, total_loss: 2842.558837890625, q_loss 2277.603515625, v_loss 564.9552612304688
INFO:root:Episode 182, total_loss: 3518.45849609375, q_loss 2684.393798828125, v_loss 834.0645751953125
INFO:root:Episode 183, total_loss: 2882.726318359375, q_loss 2096.660888671875, v_loss 786.0653686523438
INFO:root:Episode 184, total_loss: 1656.95458984375, q_loss 822.1761474609375, v_loss 834.7783813476562
INFO:root:Episode 185, total_loss: 2250.90380859375, q_loss 1692.3480224609375, v_loss 558.5556640625
INFO:root:Episode 186, total_loss: 3703.3837890625, q_loss 2773.61962890625, v_loss 929.76416015625
INFO:root:Episode 187, total_loss: 5652.59521484375, q_loss 5180.7080078125, v_loss 471.8873596191406
INFO:root:Episode 188, total_loss: 2435.5576171875, q_loss 1480.7281494140625, v_loss 954.829345703125
INFO:root:Episode 189, total_loss: 1064.926025390625, q_loss 527.0435791015625, v_loss 537.8824462890625
INFO:root:Episode 190, total_loss: 2966.61279296875, q_loss 1859.1126708984375, v_loss 1107.5
INFO:root:Episode 191, total_loss: 2615.91357421875, q_loss 1571.0072021484375, v_loss 1044.906494140625
INFO:root:Episode 192, total_loss: 2331.55419921875, q_loss 1535.776611328125, v_loss 795.7774658203125
INFO:root:Episode 193, total_loss: 1109.716552734375, q_loss 567.1842041015625, v_loss 542.5323486328125
INFO:root:Episode 194, total_loss: 2710.203369140625, q_loss 2280.822998046875, v_loss 429.3804016113281
INFO:root:Episode 195, total_loss: 1518.949462890625, q_loss 836.46923828125, v_loss 682.480224609375
INFO:root:Episode 196, total_loss: 2066.6103515625, q_loss 1088.368896484375, v_loss 978.2413330078125
INFO:root:Episode 197, total_loss: 12466.3759765625, q_loss 10734.3046875, v_loss 1732.0716552734375
INFO:root:Episode 198, total_loss: 1543.942138671875, q_loss 984.8759155273438, v_loss 559.066162109375
INFO:root:Episode 199, total_loss: 1959.57177734375, q_loss 1319.671142578125, v_loss 639.9006958007812
INFO:root:Episode 200, total_loss: 1265.392333984375, q_loss 805.2152709960938, v_loss 460.1771240234375
INFO:root:Episode 201, total_loss: 1320.11572265625, q_loss 1003.8126220703125, v_loss 316.30303955078125
INFO:root:Episode 202, total_loss: 1621.945556640625, q_loss 935.5997924804688, v_loss 686.3457641601562
INFO:root:Episode 203, total_loss: 5764.85302734375, q_loss 5295.876953125, v_loss 468.97607421875
INFO:root:Episode 204, total_loss: 1501.359130859375, q_loss 1011.1458129882812, v_loss 490.21337890625
INFO:root:Episode 205, total_loss: 3873.68017578125, q_loss 3382.56787109375, v_loss 491.1121826171875
INFO:root:Episode 206, total_loss: 1620.65625, q_loss 979.0235595703125, v_loss 641.6326293945312
INFO:root:Episode 207, total_loss: 1988.16845703125, q_loss 1499.9456787109375, v_loss 488.22283935546875
INFO:root:Episode 208, total_loss: 3106.901611328125, q_loss 2088.6572265625, v_loss 1018.2444458007812
INFO:root:Episode 209, total_loss: 1180.49951171875, q_loss 743.1519775390625, v_loss 437.3475036621094
INFO:root:Episode 210, total_loss: 1366.7274169921875, q_loss 729.1441650390625, v_loss 637.583251953125
INFO:root:Episode 211, total_loss: 1513.6954345703125, q_loss 928.9197387695312, v_loss 584.7756958007812
INFO:root:Episode 212, total_loss: 1745.6796875, q_loss 1425.235107421875, v_loss 320.44464111328125
INFO:root:Episode 213, total_loss: 3566.29833984375, q_loss 2838.423095703125, v_loss 727.8751831054688
INFO:root:Episode 214, total_loss: 1114.6572265625, q_loss 583.060302734375, v_loss 531.5968627929688
INFO:root:Episode 215, total_loss: 1613.6998291015625, q_loss 1036.7568359375, v_loss 576.9429931640625
INFO:root:Episode 216, total_loss: 1033.001708984375, q_loss 671.1597290039062, v_loss 361.842041015625
INFO:root:Episode 217, total_loss: 1667.4132080078125, q_loss 1358.9813232421875, v_loss 308.4319152832031
INFO:root:Episode 218, total_loss: 1329.21484375, q_loss 856.4727172851562, v_loss 472.7421875
INFO:root:Episode 219, total_loss: 1070.03271484375, q_loss 668.209228515625, v_loss 401.823486328125
INFO:root:Episode 220, total_loss: 1329.4315185546875, q_loss 858.6104125976562, v_loss 470.8210754394531
INFO:root:Episode 221, total_loss: 2467.759765625, q_loss 1880.975830078125, v_loss 586.7838134765625
INFO:root:Episode 222, total_loss: 1085.27294921875, q_loss 533.0956420898438, v_loss 552.17724609375
INFO:root:Episode 223, total_loss: 2507.979248046875, q_loss 2274.58154296875, v_loss 233.39759826660156
INFO:root:Episode 224, total_loss: 1196.3580322265625, q_loss 835.9468383789062, v_loss 360.41119384765625
INFO:root:Episode 225, total_loss: 1311.39306640625, q_loss 669.7025146484375, v_loss 641.6905517578125
INFO:root:Episode 226, total_loss: 922.3381958007812, q_loss 505.62139892578125, v_loss 416.716796875
INFO:root:Episode 227, total_loss: 1219.921142578125, q_loss 694.9408569335938, v_loss 524.9803466796875
INFO:root:Episode 228, total_loss: 2039.107177734375, q_loss 1262.8231201171875, v_loss 776.2841186523438
INFO:root:Episode 229, total_loss: 1558.3311767578125, q_loss 1002.4451293945312, v_loss 555.8860473632812
INFO:root:Episode 230, total_loss: 1425.641845703125, q_loss 884.7589721679688, v_loss 540.8829345703125
INFO:root:Episode 231, total_loss: 1121.7216796875, q_loss 729.6332397460938, v_loss 392.0885009765625
INFO:root:Episode 232, total_loss: 3108.76611328125, q_loss 2408.74072265625, v_loss 700.0255126953125
INFO:root:Episode 233, total_loss: 2829.072265625, q_loss 2398.60986328125, v_loss 430.46246337890625
INFO:root:Episode 234, total_loss: 1818.970703125, q_loss 1247.9439697265625, v_loss 571.0267944335938
INFO:root:Episode 235, total_loss: 953.822509765625, q_loss 521.2999267578125, v_loss 432.5225524902344
INFO:root:Episode 236, total_loss: 1365.93994140625, q_loss 771.4501953125, v_loss 594.4898071289062
INFO:root:Episode 237, total_loss: 3414.738037109375, q_loss 2965.271484375, v_loss 449.466552734375
INFO:root:Episode 238, total_loss: 5381.29833984375, q_loss 4821.3046875, v_loss 559.9935913085938
INFO:root:Episode 239, total_loss: 2632.4755859375, q_loss 1888.9537353515625, v_loss 743.521728515625
INFO:root:Episode 240, total_loss: 2030.9052734375, q_loss 1135.384033203125, v_loss 895.5213012695312
INFO:root:Episode 241, total_loss: 1641.34423828125, q_loss 1102.023681640625, v_loss 539.3206176757812
INFO:root:Episode 242, total_loss: 1417.8104248046875, q_loss 959.8358154296875, v_loss 457.9746398925781
INFO:root:Episode 243, total_loss: 5669.04296875, q_loss 5211.921875, v_loss 457.12127685546875
INFO:root:Episode 244, total_loss: 2130.9833984375, q_loss 1631.0035400390625, v_loss 499.9798278808594
INFO:root:Episode 245, total_loss: 8596.1240234375, q_loss 7389.015625, v_loss 1207.1082763671875
INFO:root:Episode 246, total_loss: 4011.91796875, q_loss 2940.682373046875, v_loss 1071.2357177734375
INFO:root:Episode 247, total_loss: 1223.6812744140625, q_loss 792.7952270507812, v_loss 430.8860168457031
INFO:root:Episode 248, total_loss: 2379.706298828125, q_loss 1849.730712890625, v_loss 529.9755859375
INFO:root:Episode 249, total_loss: 5600.95703125, q_loss 5203.77880859375, v_loss 397.1784362792969
INFO:root:Episode 250, total_loss: 1615.139404296875, q_loss 1069.992431640625, v_loss 545.1469116210938
INFO:root:Episode 251, total_loss: 2833.5986328125, q_loss 2003.6907958984375, v_loss 829.9078979492188
INFO:root:Episode 252, total_loss: 8230.646484375, q_loss 7724.2880859375, v_loss 506.35797119140625
INFO:root:Episode 253, total_loss: 2131.668701171875, q_loss 1216.219482421875, v_loss 915.44921875
INFO:root:Episode 254, total_loss: 1476.418701171875, q_loss 1019.6272583007812, v_loss 456.7914733886719
INFO:root:Episode 255, total_loss: 3579.999755859375, q_loss 2979.642333984375, v_loss 600.3574829101562
INFO:root:Episode 256, total_loss: 2906.177734375, q_loss 1748.633056640625, v_loss 1157.5447998046875
INFO:root:Episode 257, total_loss: 4712.478515625, q_loss 3779.91650390625, v_loss 932.5619506835938
INFO:root:Episode 258, total_loss: 2037.251953125, q_loss 1409.429931640625, v_loss 627.822021484375
INFO:root:Episode 259, total_loss: 1826.9776611328125, q_loss 1338.2197265625, v_loss 488.7579040527344
INFO:root:Episode 260, total_loss: 1141.084228515625, q_loss 695.5555419921875, v_loss 445.52874755859375
INFO:root:Episode 261, total_loss: 1461.990966796875, q_loss 894.1354370117188, v_loss 567.8555297851562
INFO:root:Episode 262, total_loss: 4980.73974609375, q_loss 4062.49560546875, v_loss 918.2439575195312
INFO:root:Episode 263, total_loss: 978.600341796875, q_loss 544.334228515625, v_loss 434.2660827636719
INFO:root:Episode 264, total_loss: 2308.65771484375, q_loss 1541.755615234375, v_loss 766.902099609375
INFO:root:Episode 265, total_loss: 1916.384765625, q_loss 1427.933349609375, v_loss 488.45147705078125
INFO:root:Episode 266, total_loss: 1349.9639892578125, q_loss 775.5335693359375, v_loss 574.430419921875
INFO:root:Episode 267, total_loss: 755.6893310546875, q_loss 413.4577941894531, v_loss 342.2315368652344
INFO:root:Episode 268, total_loss: 1047.544189453125, q_loss 556.82275390625, v_loss 490.72137451171875
INFO:root:Episode 269, total_loss: 1902.185302734375, q_loss 1226.7882080078125, v_loss 675.3971557617188
INFO:root:Episode 270, total_loss: 4422.2509765625, q_loss 3928.921630859375, v_loss 493.3293762207031
INFO:root:Episode 271, total_loss: 1197.9425048828125, q_loss 699.2899780273438, v_loss 498.6525573730469
INFO:root:Episode 272, total_loss: 2414.099853515625, q_loss 1583.4193115234375, v_loss 830.6804809570312
INFO:root:Episode 273, total_loss: 1645.5556640625, q_loss 1157.5802001953125, v_loss 487.97540283203125
INFO:root:Episode 274, total_loss: 986.5948486328125, q_loss 582.0189208984375, v_loss 404.575927734375
INFO:root:Episode 275, total_loss: 1361.2784423828125, q_loss 1155.3984375, v_loss 205.88003540039062
INFO:root:Episode 276, total_loss: 977.1551513671875, q_loss 467.8105163574219, v_loss 509.3446350097656
INFO:root:Episode 277, total_loss: 5087.15673828125, q_loss 4609.419921875, v_loss 477.7369689941406
INFO:root:Episode 278, total_loss: 5362.3271484375, q_loss 4564.8486328125, v_loss 797.4786376953125
INFO:root:Episode 279, total_loss: 3241.11083984375, q_loss 2682.8955078125, v_loss 558.2153930664062
INFO:root:Episode 280, total_loss: 1184.448974609375, q_loss 657.2898559570312, v_loss 527.1591186523438
INFO:root:Episode 281, total_loss: 2367.95703125, q_loss 2255.965576171875, v_loss 111.99153137207031
INFO:root:Episode 282, total_loss: 754.0316162109375, q_loss 407.92236328125, v_loss 346.1092224121094
INFO:root:Episode 283, total_loss: 3352.121826171875, q_loss 2922.352783203125, v_loss 429.76898193359375
INFO:root:Episode 284, total_loss: 4019.01611328125, q_loss 3443.77685546875, v_loss 575.2391967773438
INFO:root:Episode 285, total_loss: 951.7222900390625, q_loss 653.28515625, v_loss 298.4371032714844
INFO:root:Episode 286, total_loss: 709.2772216796875, q_loss 404.1307678222656, v_loss 305.1464538574219
INFO:root:Episode 287, total_loss: 1545.080078125, q_loss 814.8168334960938, v_loss 730.2632446289062
INFO:root:Episode 288, total_loss: 3935.09228515625, q_loss 2951.404296875, v_loss 983.6881103515625
INFO:root:Episode 289, total_loss: 1074.915283203125, q_loss 641.1530151367188, v_loss 433.76226806640625
INFO:root:Episode 290, total_loss: 2282.459228515625, q_loss 1870.924072265625, v_loss 411.53509521484375
INFO:root:Episode 291, total_loss: 1584.58837890625, q_loss 956.8163452148438, v_loss 627.7720336914062
INFO:root:Episode 292, total_loss: 702.4451904296875, q_loss 361.6514587402344, v_loss 340.7937316894531
INFO:root:Episode 293, total_loss: 1619.30615234375, q_loss 1218.9549560546875, v_loss 400.3511962890625
INFO:root:Episode 294, total_loss: 1759.6005859375, q_loss 1212.4404296875, v_loss 547.1600952148438
INFO:root:Episode 295, total_loss: 960.4396362304688, q_loss 548.14990234375, v_loss 412.28973388671875
INFO:root:Episode 296, total_loss: 1284.4036865234375, q_loss 839.0093994140625, v_loss 445.394287109375
INFO:root:Episode 297, total_loss: 1374.329833984375, q_loss 912.3404541015625, v_loss 461.9894104003906
INFO:root:Episode 298, total_loss: 1710.8304443359375, q_loss 933.92431640625, v_loss 776.9061279296875
INFO:root:Episode 299, total_loss: 2355.079833984375, q_loss 1554.6903076171875, v_loss 800.3895263671875
INFO:root:Episode 300, total_loss: 1625.542236328125, q_loss 1120.9422607421875, v_loss 504.5999755859375
INFO:root:Episode 301, total_loss: 851.4143676757812, q_loss 528.9261474609375, v_loss 322.48822021484375
INFO:root:Episode 302, total_loss: 1099.2337646484375, q_loss 647.201171875, v_loss 452.0326232910156
INFO:root:Episode 303, total_loss: 1396.6541748046875, q_loss 606.6141967773438, v_loss 790.0399780273438
INFO:root:Episode 304, total_loss: 3233.81298828125, q_loss 2240.338134765625, v_loss 993.4749145507812
INFO:root:Episode 305, total_loss: 4085.1015625, q_loss 3417.0185546875, v_loss 668.0828857421875
INFO:root:Episode 306, total_loss: 3855.949462890625, q_loss 2810.090576171875, v_loss 1045.85888671875
INFO:root:Episode 307, total_loss: 1815.098876953125, q_loss 1548.4052734375, v_loss 266.6936340332031
INFO:root:Episode 308, total_loss: 2131.262939453125, q_loss 1778.273193359375, v_loss 352.9896545410156
INFO:root:Episode 309, total_loss: 2930.9052734375, q_loss 2747.643798828125, v_loss 183.2615509033203
INFO:root:Episode 310, total_loss: 6714.36083984375, q_loss 5606.23486328125, v_loss 1108.1258544921875
INFO:root:Episode 311, total_loss: 3197.693359375, q_loss 2542.0849609375, v_loss 655.6083374023438
INFO:root:Episode 312, total_loss: 2728.318115234375, q_loss 2427.575439453125, v_loss 300.74267578125
INFO:root:Episode 313, total_loss: 1413.863037109375, q_loss 1010.4093017578125, v_loss 403.4537658691406
INFO:root:Episode 314, total_loss: 2088.498046875, q_loss 1819.476318359375, v_loss 269.0218505859375
INFO:root:Episode 315, total_loss: 897.840576171875, q_loss 536.7969970703125, v_loss 361.0436096191406
INFO:root:Episode 316, total_loss: 1933.971435546875, q_loss 1601.4183349609375, v_loss 332.5531311035156
INFO:root:Episode 317, total_loss: 1481.6290283203125, q_loss 1289.843994140625, v_loss 191.7849884033203
INFO:root:Episode 318, total_loss: 773.7181396484375, q_loss 463.79034423828125, v_loss 309.92779541015625
INFO:root:Episode 319, total_loss: 2346.830078125, q_loss 1723.882080078125, v_loss 622.9478759765625
INFO:root:Episode 320, total_loss: 5392.9521484375, q_loss 4962.54541015625, v_loss 430.4066162109375
INFO:root:Episode 321, total_loss: 1151.0111083984375, q_loss 651.9467163085938, v_loss 499.0644226074219
INFO:root:Episode 322, total_loss: 462.0233154296875, q_loss 256.0804748535156, v_loss 205.94285583496094
INFO:root:Episode 323, total_loss: 1132.26708984375, q_loss 583.8453369140625, v_loss 548.4218139648438
INFO:root:Episode 324, total_loss: 917.3347778320312, q_loss 544.3837280273438, v_loss 372.9510498046875
INFO:root:Episode 325, total_loss: 4135.390625, q_loss 3607.430419921875, v_loss 527.960205078125
INFO:root:Episode 326, total_loss: 4970.09716796875, q_loss 4756.16162109375, v_loss 213.9355926513672
INFO:root:Episode 327, total_loss: 1116.2860107421875, q_loss 733.3224487304688, v_loss 382.9635925292969
INFO:root:Episode 328, total_loss: 1245.885986328125, q_loss 754.9979248046875, v_loss 490.88800048828125
INFO:root:Episode 329, total_loss: 2875.636474609375, q_loss 2771.40771484375, v_loss 104.22881317138672
INFO:root:Episode 330, total_loss: 1081.8096923828125, q_loss 693.8935546875, v_loss 387.9161071777344
INFO:root:Episode 331, total_loss: 1285.235595703125, q_loss 837.9371948242188, v_loss 447.2984619140625
INFO:root:Episode 332, total_loss: 2914.6484375, q_loss 2538.830810546875, v_loss 375.8175354003906
INFO:root:Episode 333, total_loss: 3705.000732421875, q_loss 2977.94677734375, v_loss 727.0538940429688
INFO:root:Episode 334, total_loss: 11485.7421875, q_loss 11464.8193359375, v_loss 20.922700881958008
INFO:root:Episode 335, total_loss: 1448.97998046875, q_loss 792.5330200195312, v_loss 656.4468994140625
INFO:root:Episode 336, total_loss: 1042.0555419921875, q_loss 611.5167236328125, v_loss 430.5388488769531
INFO:root:Episode 337, total_loss: 1743.3359375, q_loss 1133.5489501953125, v_loss 609.7869262695312
INFO:root:Episode 338, total_loss: 2720.829833984375, q_loss 2158.690185546875, v_loss 562.1395874023438
INFO:root:Episode 339, total_loss: 1754.70166015625, q_loss 1307.426025390625, v_loss 447.2756042480469
INFO:root:Episode 340, total_loss: 709.2645263671875, q_loss 378.0428771972656, v_loss 331.2216796875
INFO:root:Episode 341, total_loss: 2135.85546875, q_loss 1349.978515625, v_loss 785.8768920898438
INFO:root:Episode 342, total_loss: 1918.083740234375, q_loss 1202.47265625, v_loss 715.611083984375
INFO:root:Episode 343, total_loss: 3041.0341796875, q_loss 2278.84912109375, v_loss 762.18505859375
INFO:root:Episode 344, total_loss: 3193.128173828125, q_loss 2533.68115234375, v_loss 659.4469604492188
INFO:root:Episode 345, total_loss: 1560.623779296875, q_loss 810.7991943359375, v_loss 749.8246459960938
INFO:root:Episode 346, total_loss: 2083.362548828125, q_loss 1526.3724365234375, v_loss 556.9901733398438
INFO:root:Episode 347, total_loss: 645.040771484375, q_loss 343.8983154296875, v_loss 301.1424255371094
INFO:root:Episode 348, total_loss: 2006.2911376953125, q_loss 1132.43115234375, v_loss 873.8599853515625
INFO:root:Episode 349, total_loss: 1301.6822509765625, q_loss 828.654052734375, v_loss 473.0281982421875
INFO:root:Episode 350, total_loss: 1160.714599609375, q_loss 699.8804931640625, v_loss 460.83404541015625
INFO:root:Episode 351, total_loss: 781.8784790039062, q_loss 371.97637939453125, v_loss 409.902099609375
INFO:root:Episode 352, total_loss: 1022.310546875, q_loss 548.4158935546875, v_loss 473.8946838378906
INFO:root:Episode 353, total_loss: 2471.525146484375, q_loss 1640.8660888671875, v_loss 830.6591186523438
INFO:root:Episode 354, total_loss: 1030.8260498046875, q_loss 658.9808959960938, v_loss 371.84515380859375
INFO:root:Episode 355, total_loss: 1466.09375, q_loss 1005.6043701171875, v_loss 460.4893798828125
INFO:root:Episode 356, total_loss: 1198.859619140625, q_loss 705.6130981445312, v_loss 493.2464599609375
INFO:root:Episode 357, total_loss: 1507.20947265625, q_loss 1010.545654296875, v_loss 496.6638488769531
INFO:root:Episode 358, total_loss: 1036.38134765625, q_loss 550.84765625, v_loss 485.53369140625
INFO:root:Episode 359, total_loss: 1548.98779296875, q_loss 1075.5223388671875, v_loss 473.46539306640625
INFO:root:Episode 360, total_loss: 734.1734008789062, q_loss 403.90380859375, v_loss 330.26959228515625
INFO:root:Episode 361, total_loss: 7278.501953125, q_loss 6742.51318359375, v_loss 535.98876953125
INFO:root:Episode 362, total_loss: 920.6922607421875, q_loss 543.99365234375, v_loss 376.6986083984375
INFO:root:Episode 363, total_loss: 2165.961669921875, q_loss 1962.8426513671875, v_loss 203.11903381347656
INFO:root:Episode 364, total_loss: 995.830322265625, q_loss 725.4942626953125, v_loss 270.3360900878906
INFO:root:Episode 365, total_loss: 652.0162353515625, q_loss 366.93902587890625, v_loss 285.0772399902344
INFO:root:Episode 366, total_loss: 1698.821044921875, q_loss 1184.690673828125, v_loss 514.1304321289062
INFO:root:Episode 367, total_loss: 4554.4013671875, q_loss 3834.16748046875, v_loss 720.2340087890625
INFO:root:Episode 368, total_loss: 2245.34716796875, q_loss 1513.5340576171875, v_loss 731.81298828125
INFO:root:Episode 369, total_loss: 998.0375366210938, q_loss 634.5237426757812, v_loss 363.5137939453125
INFO:root:Episode 370, total_loss: 1026.106689453125, q_loss 757.7569580078125, v_loss 268.3497619628906
INFO:root:Episode 371, total_loss: 1541.1611328125, q_loss 1226.678466796875, v_loss 314.48260498046875
INFO:root:Episode 372, total_loss: 619.3683471679688, q_loss 338.1172180175781, v_loss 281.2511291503906
INFO:root:Episode 373, total_loss: 801.5908203125, q_loss 458.50927734375, v_loss 343.0815124511719
INFO:root:Episode 374, total_loss: 1869.00048828125, q_loss 1447.849365234375, v_loss 421.1510925292969
INFO:root:Episode 375, total_loss: 1149.5299072265625, q_loss 613.26904296875, v_loss 536.2608642578125
INFO:root:Episode 376, total_loss: 1557.23046875, q_loss 1232.44482421875, v_loss 324.78558349609375
INFO:root:Episode 377, total_loss: 500.38507080078125, q_loss 268.3625793457031, v_loss 232.02249145507812
INFO:root:Episode 378, total_loss: 3026.91064453125, q_loss 2741.638916015625, v_loss 285.27166748046875
INFO:root:Episode 379, total_loss: 841.6436767578125, q_loss 557.3578491210938, v_loss 284.28582763671875
INFO:root:Episode 380, total_loss: 1112.119873046875, q_loss 647.6715087890625, v_loss 464.44830322265625
INFO:root:Episode 381, total_loss: 798.5711059570312, q_loss 457.25286865234375, v_loss 341.3182373046875
INFO:root:Episode 382, total_loss: 1406.566650390625, q_loss 986.4872436523438, v_loss 420.0793762207031
INFO:root:Episode 383, total_loss: 2816.76220703125, q_loss 2332.17138671875, v_loss 484.5906982421875
INFO:root:Episode 384, total_loss: 1364.51123046875, q_loss 1038.9493408203125, v_loss 325.5618591308594
INFO:root:Episode 385, total_loss: 1101.29931640625, q_loss 741.382080078125, v_loss 359.9172058105469
INFO:root:Episode 386, total_loss: 717.157470703125, q_loss 398.2845458984375, v_loss 318.8728942871094
INFO:root:Episode 387, total_loss: 5308.09326171875, q_loss 4692.20263671875, v_loss 615.8906860351562
INFO:root:Episode 388, total_loss: 1011.7492065429688, q_loss 764.8327026367188, v_loss 246.91651916503906
INFO:root:Episode 389, total_loss: 601.2372436523438, q_loss 367.7821350097656, v_loss 233.4551239013672
INFO:root:Episode 390, total_loss: 1952.36572265625, q_loss 1750.227783203125, v_loss 202.13800048828125
INFO:root:Episode 391, total_loss: 724.421875, q_loss 381.3381652832031, v_loss 343.0837097167969
INFO:root:Episode 392, total_loss: 1198.2286376953125, q_loss 953.1553955078125, v_loss 245.07325744628906
INFO:root:Episode 393, total_loss: 824.03369140625, q_loss 509.082763671875, v_loss 314.9508972167969
INFO:root:Episode 394, total_loss: 1893.8248291015625, q_loss 1450.448486328125, v_loss 443.3763122558594
INFO:root:Episode 395, total_loss: 1627.728759765625, q_loss 1170.5770263671875, v_loss 457.1517028808594
INFO:root:Episode 396, total_loss: 1133.4755859375, q_loss 891.6424560546875, v_loss 241.8331756591797
INFO:root:Episode 397, total_loss: 648.86279296875, q_loss 344.4525146484375, v_loss 304.4103088378906
INFO:root:Episode 398, total_loss: 770.2560424804688, q_loss 451.213623046875, v_loss 319.04241943359375
INFO:root:Episode 399, total_loss: 4563.6826171875, q_loss 4175.32177734375, v_loss 388.3607482910156
INFO:root:Episode 400, total_loss: 1209.9600830078125, q_loss 627.9589233398438, v_loss 582.0011596679688
INFO:root:Episode 401, total_loss: 1142.408203125, q_loss 666.0454711914062, v_loss 476.3627624511719
INFO:root:Episode 402, total_loss: 8002.349609375, q_loss 7420.88427734375, v_loss 581.465087890625
INFO:root:Episode 403, total_loss: 1056.0443115234375, q_loss 671.1395263671875, v_loss 384.9047546386719
INFO:root:Episode 404, total_loss: 964.9376220703125, q_loss 720.4834594726562, v_loss 244.4541473388672
INFO:root:Episode 405, total_loss: 1193.0679931640625, q_loss 811.6211547851562, v_loss 381.4468078613281
INFO:root:Episode 406, total_loss: 836.8326416015625, q_loss 521.9454956054688, v_loss 314.88714599609375
INFO:root:Episode 407, total_loss: 664.559326171875, q_loss 391.09979248046875, v_loss 273.45953369140625
INFO:root:Episode 408, total_loss: 987.416748046875, q_loss 627.7445678710938, v_loss 359.6721496582031
INFO:root:Episode 409, total_loss: 781.0560302734375, q_loss 482.5565490722656, v_loss 298.49945068359375
INFO:root:Episode 410, total_loss: 6122.35302734375, q_loss 5494.35498046875, v_loss 627.9979858398438
INFO:root:Episode 411, total_loss: 611.18505859375, q_loss 297.7236328125, v_loss 313.4614562988281
INFO:root:Episode 412, total_loss: 1117.3638916015625, q_loss 720.9484252929688, v_loss 396.4154968261719
INFO:root:Episode 413, total_loss: 1249.2989501953125, q_loss 888.490478515625, v_loss 360.8084411621094
INFO:root:Episode 414, total_loss: 7034.09619140625, q_loss 6893.05224609375, v_loss 141.04409790039062
INFO:root:Episode 415, total_loss: 2190.957763671875, q_loss 1778.2650146484375, v_loss 412.6927185058594
INFO:root:Episode 416, total_loss: 1415.5654296875, q_loss 1167.8651123046875, v_loss 247.70025634765625
INFO:root:Episode 417, total_loss: 3339.24365234375, q_loss 2703.849609375, v_loss 635.3941650390625
INFO:root:Episode 418, total_loss: 683.976806640625, q_loss 392.4846496582031, v_loss 291.4921875
INFO:root:Episode 419, total_loss: 1003.0357666015625, q_loss 658.978271484375, v_loss 344.0574645996094
INFO:root:Episode 420, total_loss: 1122.3834228515625, q_loss 788.9239501953125, v_loss 333.4594421386719
INFO:root:Episode 421, total_loss: 1144.37109375, q_loss 860.7731323242188, v_loss 283.597900390625
INFO:root:Episode 422, total_loss: 2527.92578125, q_loss 2160.2431640625, v_loss 367.6825256347656
INFO:root:Episode 423, total_loss: 1260.814453125, q_loss 633.0399169921875, v_loss 627.7745971679688
INFO:root:Episode 424, total_loss: 1920.0537109375, q_loss 1734.779052734375, v_loss 185.27467346191406
INFO:root:Episode 425, total_loss: 785.7532348632812, q_loss 488.45867919921875, v_loss 297.2945556640625
INFO:root:Episode 426, total_loss: 965.735595703125, q_loss 512.4996948242188, v_loss 453.23590087890625
INFO:root:Episode 427, total_loss: 1491.5203857421875, q_loss 1051.2506103515625, v_loss 440.2698059082031
INFO:root:Episode 428, total_loss: 1449.5294189453125, q_loss 1063.7427978515625, v_loss 385.78662109375
INFO:root:Episode 429, total_loss: 1587.2353515625, q_loss 1220.748779296875, v_loss 366.4866027832031
INFO:root:Episode 430, total_loss: 1371.694091796875, q_loss 912.3424072265625, v_loss 459.35162353515625
INFO:root:Episode 431, total_loss: 662.00390625, q_loss 321.85260009765625, v_loss 340.1512756347656
INFO:root:Episode 432, total_loss: 927.4390258789062, q_loss 586.4916381835938, v_loss 340.9473876953125
INFO:root:Episode 433, total_loss: 1819.376220703125, q_loss 1089.7884521484375, v_loss 729.5877685546875
INFO:root:Episode 434, total_loss: 506.7951354980469, q_loss 328.2587890625, v_loss 178.53634643554688
INFO:root:Episode 435, total_loss: 555.8392944335938, q_loss 255.8964080810547, v_loss 299.94287109375
INFO:root:Episode 436, total_loss: 1046.95166015625, q_loss 801.783447265625, v_loss 245.16815185546875
INFO:root:Episode 437, total_loss: 1628.10693359375, q_loss 1133.862060546875, v_loss 494.244873046875
INFO:root:Episode 438, total_loss: 984.8527221679688, q_loss 529.354736328125, v_loss 455.49798583984375
INFO:root:Episode 439, total_loss: 912.8612060546875, q_loss 521.51171875, v_loss 391.3494567871094
INFO:root:Episode 440, total_loss: 1295.414794921875, q_loss 917.153564453125, v_loss 378.26116943359375
INFO:root:Episode 441, total_loss: 539.1353149414062, q_loss 279.1529541015625, v_loss 259.98236083984375
INFO:root:Episode 442, total_loss: 1484.183349609375, q_loss 986.4749145507812, v_loss 497.70843505859375
INFO:root:Episode 443, total_loss: 396.2519836425781, q_loss 199.869140625, v_loss 196.38284301757812
INFO:root:Episode 444, total_loss: 713.9682006835938, q_loss 389.3352966308594, v_loss 324.6329040527344
INFO:root:Episode 445, total_loss: 607.6934814453125, q_loss 312.81591796875, v_loss 294.8775939941406
INFO:root:Episode 446, total_loss: 1432.32568359375, q_loss 998.6236572265625, v_loss 433.7019958496094
INFO:root:Episode 447, total_loss: 453.5096130371094, q_loss 244.9456329345703, v_loss 208.56398010253906
INFO:root:Episode 448, total_loss: 564.8573608398438, q_loss 367.0061340332031, v_loss 197.85122680664062
INFO:root:Episode 449, total_loss: 1266.219482421875, q_loss 944.3631591796875, v_loss 321.8563537597656
INFO:root:Episode 450, total_loss: 3443.6982421875, q_loss 2763.691162109375, v_loss 680.0069580078125
INFO:root:Episode 451, total_loss: 2905.703369140625, q_loss 2394.40478515625, v_loss 511.2986145019531
INFO:root:Episode 452, total_loss: 2262.67578125, q_loss 1891.5059814453125, v_loss 371.1698913574219
INFO:root:Episode 453, total_loss: 7156.564453125, q_loss 7115.1689453125, v_loss 41.395477294921875
INFO:root:Episode 454, total_loss: 1953.107666015625, q_loss 1461.3873291015625, v_loss 491.7203674316406
INFO:root:Episode 455, total_loss: 2094.859375, q_loss 1725.5687255859375, v_loss 369.2905578613281
INFO:root:Episode 456, total_loss: 1769.0245361328125, q_loss 1508.1566162109375, v_loss 260.8679504394531
