INFO:root:epoch 0, Episode 0, total_loss: 181990.46875, q_loss 181819.296875, v_loss 171.1664581298828 ,lr 0.01
INFO:root:val_loss 17715310592.0
INFO:root:epoch 0, Episode 1, total_loss: 400932576.0, q_loss 400923040.0, v_loss 9545.25390625 ,lr 0.01
INFO:root:epoch 0, Episode 2, total_loss: 19592534016.0, q_loss 19592417280.0, v_loss 117621.125 ,lr 0.01
INFO:root:epoch 0, Episode 3, total_loss: 373870720.0, q_loss 373853216.0, v_loss 17490.56640625 ,lr 0.01
INFO:root:epoch 0, Episode 4, total_loss: 2266156288.0, q_loss 2266134784.0, v_loss 21581.77734375 ,lr 0.01
INFO:root:epoch 0, Episode 5, total_loss: 82662160.0, q_loss 82657216.0, v_loss 4947.4599609375 ,lr 0.01
INFO:root:epoch 0, Episode 6, total_loss: 35719004.0, q_loss 35717412.0, v_loss 1591.595703125 ,lr 0.01
INFO:root:epoch 0, Episode 7, total_loss: 52445068.0, q_loss 52442068.0, v_loss 2998.6943359375 ,lr 0.01
INFO:root:epoch 0, Episode 8, total_loss: 5863582.0, q_loss 5861243.5, v_loss 2338.44921875 ,lr 0.01
INFO:root:epoch 0, Episode 9, total_loss: 114247992.0, q_loss 114243168.0, v_loss 4824.6298828125 ,lr 0.01
INFO:root:epoch 0, Episode 10, total_loss: 16091732.0, q_loss 16088184.0, v_loss 3548.10400390625 ,lr 0.01
INFO:root:epoch 0, Episode 11, total_loss: 7486937.0, q_loss 7485425.0, v_loss 1511.833984375 ,lr 0.01
INFO:root:epoch 0, Episode 12, total_loss: 11462419.0, q_loss 11461378.0, v_loss 1040.919921875 ,lr 0.01
INFO:root:epoch 0, Episode 13, total_loss: 44957592.0, q_loss 44953884.0, v_loss 3709.244140625 ,lr 0.01
INFO:root:epoch 0, Episode 14, total_loss: 25981768.0, q_loss 25975716.0, v_loss 6052.8623046875 ,lr 0.01
INFO:root:epoch 0, Episode 15, total_loss: 21943864.0, q_loss 21942920.0, v_loss 944.3916015625 ,lr 0.01
INFO:root:epoch 0, Episode 16, total_loss: 24650492.0, q_loss 24647574.0, v_loss 2917.9296875 ,lr 0.01
INFO:root:epoch 0, Episode 17, total_loss: 7083241.5, q_loss 7082616.5, v_loss 625.048828125 ,lr 0.01
INFO:root:epoch 0, Episode 18, total_loss: 2318050.0, q_loss 2317977.0, v_loss 72.93017578125 ,lr 0.01
INFO:root:epoch 0, Episode 19, total_loss: 393878.1875, q_loss 393359.6875, v_loss 518.5035400390625 ,lr 0.01
INFO:root:epoch 0, Episode 20, total_loss: 793587.1875, q_loss 792845.1875, v_loss 742.0262451171875 ,lr 0.01
INFO:root:epoch 0, Episode 21, total_loss: 1260662.875, q_loss 1259742.875, v_loss 919.9427490234375 ,lr 0.01
INFO:root:epoch 0, Episode 22, total_loss: 1276153.5, q_loss 1275611.0, v_loss 542.5118408203125 ,lr 0.01
INFO:root:epoch 0, Episode 23, total_loss: 732867.25, q_loss 732503.8125, v_loss 363.4449157714844 ,lr 0.01
INFO:root:epoch 0, Episode 24, total_loss: 645429.5625, q_loss 645091.25, v_loss 338.3372802734375 ,lr 0.01
INFO:root:epoch 0, Episode 25, total_loss: 1754889.75, q_loss 1753705.375, v_loss 1184.392333984375 ,lr 0.01
INFO:root:epoch 0, Episode 26, total_loss: 416502.875, q_loss 416247.84375, v_loss 255.03399658203125 ,lr 0.01
INFO:root:epoch 0, Episode 27, total_loss: 971134.5, q_loss 970532.6875, v_loss 601.8001708984375 ,lr 0.01
INFO:root:epoch 0, Episode 28, total_loss: 303657.5625, q_loss 303431.0625, v_loss 226.50244140625 ,lr 0.01
INFO:root:epoch 1, Episode 0, total_loss: 628877.125, q_loss 628242.6875, v_loss 634.46533203125 ,lr 0.01
INFO:root:epoch 1, Episode 1, total_loss: 60918.66015625, q_loss 60774.28515625, v_loss 144.373291015625 ,lr 0.01
INFO:root:epoch 1, Episode 2, total_loss: 808744.4375, q_loss 807903.875, v_loss 840.54541015625 ,lr 0.01
INFO:root:epoch 1, Episode 3, total_loss: 264682.0625, q_loss 264343.4375, v_loss 338.6168212890625 ,lr 0.01
INFO:root:epoch 1, Episode 4, total_loss: 230875.265625, q_loss 230623.046875, v_loss 252.22021484375 ,lr 0.01
INFO:root:epoch 1, Episode 5, total_loss: 139561.546875, q_loss 139285.96875, v_loss 275.58154296875 ,lr 0.01
INFO:root:epoch 1, Episode 6, total_loss: 113479.4296875, q_loss 113263.796875, v_loss 215.63232421875 ,lr 0.01
INFO:root:epoch 1, Episode 7, total_loss: 148649.71875, q_loss 148192.640625, v_loss 457.0849609375 ,lr 0.01
INFO:root:epoch 1, Episode 8, total_loss: 209932.421875, q_loss 209428.0625, v_loss 504.359130859375 ,lr 0.01
INFO:root:epoch 1, Episode 9, total_loss: 100588.0859375, q_loss 100364.21875, v_loss 223.86767578125 ,lr 0.01
INFO:root:epoch 1, Episode 10, total_loss: 232170.96875, q_loss 231863.625, v_loss 307.343017578125 ,lr 0.01
INFO:root:epoch 1, Episode 11, total_loss: 78553.1875, q_loss 78400.5859375, v_loss 152.603759765625 ,lr 0.01
INFO:root:epoch 1, Episode 12, total_loss: 97843.765625, q_loss 97744.15625, v_loss 99.605712890625 ,lr 0.01
INFO:root:epoch 1, Episode 13, total_loss: 84783.390625, q_loss 84620.0625, v_loss 163.33203125 ,lr 0.01
INFO:root:epoch 1, Episode 14, total_loss: 33941.82421875, q_loss 33811.91015625, v_loss 129.9134521484375 ,lr 0.01
INFO:root:epoch 1, Episode 15, total_loss: 103721.015625, q_loss 103527.84375, v_loss 193.1746826171875 ,lr 0.01
INFO:root:epoch 1, Episode 16, total_loss: 154493.359375, q_loss 154239.0, v_loss 254.36474609375 ,lr 0.01
INFO:root:epoch 1, Episode 17, total_loss: 67001.578125, q_loss 66720.046875, v_loss 281.534423828125 ,lr 0.01
INFO:root:epoch 1, Episode 18, total_loss: 64606.4296875, q_loss 64409.55078125, v_loss 196.8779296875 ,lr 0.01
INFO:root:epoch 1, Episode 19, total_loss: 45288.1796875, q_loss 45108.61328125, v_loss 179.567138671875 ,lr 0.01
INFO:root:epoch 1, Episode 20, total_loss: 52927.4921875, q_loss 52874.23046875, v_loss 53.263671875 ,lr 0.01
INFO:root:epoch 1, Episode 21, total_loss: 30690.71875, q_loss 30633.802734375, v_loss 56.91650390625 ,lr 0.01
INFO:root:epoch 1, Episode 22, total_loss: 30445.708984375, q_loss 30310.4296875, v_loss 135.2801513671875 ,lr 0.01
INFO:root:epoch 1, Episode 23, total_loss: 27537.626953125, q_loss 27384.134765625, v_loss 153.491943359375 ,lr 0.01
INFO:root:epoch 1, Episode 24, total_loss: 24572.44921875, q_loss 24347.40234375, v_loss 225.04736328125 ,lr 0.01
INFO:root:epoch 1, Episode 25, total_loss: 34296.81640625, q_loss 34040.80859375, v_loss 256.0087890625 ,lr 0.01
INFO:root:epoch 1, Episode 26, total_loss: 26166.392578125, q_loss 25899.892578125, v_loss 266.499267578125 ,lr 0.01
INFO:root:epoch 1, Episode 27, total_loss: 48941.703125, q_loss 48676.1953125, v_loss 265.5067138671875 ,lr 0.01
INFO:root:epoch 1, Episode 28, total_loss: 17582.33984375, q_loss 17443.01171875, v_loss 139.3277587890625 ,lr 0.01
INFO:root:epoch 2, Episode 0, total_loss: 25578.953125, q_loss 25424.228515625, v_loss 154.7236328125 ,lr 0.001
INFO:root:epoch 2, Episode 1, total_loss: 19571.23828125, q_loss 19506.744140625, v_loss 64.4931640625 ,lr 0.001
INFO:root:epoch 2, Episode 2, total_loss: 32758.291015625, q_loss 32693.20703125, v_loss 65.083251953125 ,lr 0.001
INFO:root:epoch 2, Episode 3, total_loss: 14689.404296875, q_loss 14603.52734375, v_loss 85.8770751953125 ,lr 0.001
INFO:root:epoch 2, Episode 4, total_loss: 15938.83203125, q_loss 15846.890625, v_loss 91.94091796875 ,lr 0.001
INFO:root:epoch 2, Episode 5, total_loss: 20912.25390625, q_loss 20783.333984375, v_loss 128.920166015625 ,lr 0.001
INFO:root:epoch 2, Episode 6, total_loss: 31783.765625, q_loss 31692.458984375, v_loss 91.3074951171875 ,lr 0.001
INFO:root:epoch 2, Episode 7, total_loss: 18702.529296875, q_loss 18617.9140625, v_loss 84.6146240234375 ,lr 0.001
INFO:root:epoch 2, Episode 8, total_loss: 22843.98046875, q_loss 22774.67578125, v_loss 69.3040771484375 ,lr 0.001
INFO:root:epoch 2, Episode 9, total_loss: 22496.91015625, q_loss 22430.966796875, v_loss 65.942626953125 ,lr 0.001
INFO:root:epoch 2, Episode 10, total_loss: 33365.203125, q_loss 33295.33203125, v_loss 69.869873046875 ,lr 0.001
INFO:root:epoch 2, Episode 11, total_loss: 21237.42578125, q_loss 21150.572265625, v_loss 86.8525390625 ,lr 0.001
INFO:root:epoch 2, Episode 12, total_loss: 14997.0029296875, q_loss 14876.138671875, v_loss 120.864013671875 ,lr 0.001
INFO:root:epoch 2, Episode 13, total_loss: 28937.93359375, q_loss 28828.298828125, v_loss 109.634033203125 ,lr 0.001
